Archive member included to satisfy reference by file (symbol)

c:/st/stm32cubeide_1.8.0/stm32cubeide/plugins/com.st.stm32cube.ide.mcu.externaltools.gnu-tools-for-stm32.9-2020-q2-update.win32_2.0.0.202105311346/tools/bin/../lib/gcc/arm-none-eabi/9.3.1/../../../../arm-none-eabi/lib/thumb/v7e-m+dp/hard\libc_nano.a(lib_a-errno.o)
                              ./Core/Src/syscalls.o (__errno)
c:/st/stm32cubeide_1.8.0/stm32cubeide/plugins/com.st.stm32cube.ide.mcu.externaltools.gnu-tools-for-stm32.9-2020-q2-update.win32_2.0.0.202105311346/tools/bin/../lib/gcc/arm-none-eabi/9.3.1/../../../../arm-none-eabi/lib/thumb/v7e-m+dp/hard\libc_nano.a(lib_a-exit.o)
                              c:/st/stm32cubeide_1.8.0/stm32cubeide/plugins/com.st.stm32cube.ide.mcu.externaltools.gnu-tools-for-stm32.9-2020-q2-update.win32_2.0.0.202105311346/tools/bin/../lib/gcc/arm-none-eabi/9.3.1/../../../../arm-none-eabi/lib/thumb/v7e-m+dp/hard/crt0.o (exit)
c:/st/stm32cubeide_1.8.0/stm32cubeide/plugins/com.st.stm32cube.ide.mcu.externaltools.gnu-tools-for-stm32.9-2020-q2-update.win32_2.0.0.202105311346/tools/bin/../lib/gcc/arm-none-eabi/9.3.1/../../../../arm-none-eabi/lib/thumb/v7e-m+dp/hard\libc_nano.a(lib_a-impure.o)
                              c:/st/stm32cubeide_1.8.0/stm32cubeide/plugins/com.st.stm32cube.ide.mcu.externaltools.gnu-tools-for-stm32.9-2020-q2-update.win32_2.0.0.202105311346/tools/bin/../lib/gcc/arm-none-eabi/9.3.1/../../../../arm-none-eabi/lib/thumb/v7e-m+dp/hard\libc_nano.a(lib_a-exit.o) (_global_impure_ptr)
c:/st/stm32cubeide_1.8.0/stm32cubeide/plugins/com.st.stm32cube.ide.mcu.externaltools.gnu-tools-for-stm32.9-2020-q2-update.win32_2.0.0.202105311346/tools/bin/../lib/gcc/arm-none-eabi/9.3.1/../../../../arm-none-eabi/lib/thumb/v7e-m+dp/hard\libc_nano.a(lib_a-init.o)
                              c:/st/stm32cubeide_1.8.0/stm32cubeide/plugins/com.st.stm32cube.ide.mcu.externaltools.gnu-tools-for-stm32.9-2020-q2-update.win32_2.0.0.202105311346/tools/bin/../lib/gcc/arm-none-eabi/9.3.1/../../../../arm-none-eabi/lib/thumb/v7e-m+dp/hard/crt0.o (__libc_init_array)
c:/st/stm32cubeide_1.8.0/stm32cubeide/plugins/com.st.stm32cube.ide.mcu.externaltools.gnu-tools-for-stm32.9-2020-q2-update.win32_2.0.0.202105311346/tools/bin/../lib/gcc/arm-none-eabi/9.3.1/../../../../arm-none-eabi/lib/thumb/v7e-m+dp/hard\libc_nano.a(lib_a-memset.o)
                              c:/st/stm32cubeide_1.8.0/stm32cubeide/plugins/com.st.stm32cube.ide.mcu.externaltools.gnu-tools-for-stm32.9-2020-q2-update.win32_2.0.0.202105311346/tools/bin/../lib/gcc/arm-none-eabi/9.3.1/../../../../arm-none-eabi/lib/thumb/v7e-m+dp/hard/crt0.o (memset)
c:/st/stm32cubeide_1.8.0/stm32cubeide/plugins/com.st.stm32cube.ide.mcu.externaltools.gnu-tools-for-stm32.9-2020-q2-update.win32_2.0.0.202105311346/tools/bin/../lib/gcc/arm-none-eabi/9.3.1/../../../../arm-none-eabi/lib/thumb/v7e-m+dp/hard\libc_nano.a(lib_a-sprintf.o)
                              ./Core/Src/main.o (sprintf)
c:/st/stm32cubeide_1.8.0/stm32cubeide/plugins/com.st.stm32cube.ide.mcu.externaltools.gnu-tools-for-stm32.9-2020-q2-update.win32_2.0.0.202105311346/tools/bin/../lib/gcc/arm-none-eabi/9.3.1/../../../../arm-none-eabi/lib/thumb/v7e-m+dp/hard\libc_nano.a(lib_a-nano-svfprintf.o)
                              c:/st/stm32cubeide_1.8.0/stm32cubeide/plugins/com.st.stm32cube.ide.mcu.externaltools.gnu-tools-for-stm32.9-2020-q2-update.win32_2.0.0.202105311346/tools/bin/../lib/gcc/arm-none-eabi/9.3.1/../../../../arm-none-eabi/lib/thumb/v7e-m+dp/hard\libc_nano.a(lib_a-sprintf.o) (_svfprintf_r)
c:/st/stm32cubeide_1.8.0/stm32cubeide/plugins/com.st.stm32cube.ide.mcu.externaltools.gnu-tools-for-stm32.9-2020-q2-update.win32_2.0.0.202105311346/tools/bin/../lib/gcc/arm-none-eabi/9.3.1/../../../../arm-none-eabi/lib/thumb/v7e-m+dp/hard\libc_nano.a(lib_a-nano-vfprintf_i.o)
                              c:/st/stm32cubeide_1.8.0/stm32cubeide/plugins/com.st.stm32cube.ide.mcu.externaltools.gnu-tools-for-stm32.9-2020-q2-update.win32_2.0.0.202105311346/tools/bin/../lib/gcc/arm-none-eabi/9.3.1/../../../../arm-none-eabi/lib/thumb/v7e-m+dp/hard\libc_nano.a(lib_a-nano-svfprintf.o) (_printf_i)
c:/st/stm32cubeide_1.8.0/stm32cubeide/plugins/com.st.stm32cube.ide.mcu.externaltools.gnu-tools-for-stm32.9-2020-q2-update.win32_2.0.0.202105311346/tools/bin/../lib/gcc/arm-none-eabi/9.3.1/../../../../arm-none-eabi/lib/thumb/v7e-m+dp/hard\libc_nano.a(lib_a-memchr.o)
                              c:/st/stm32cubeide_1.8.0/stm32cubeide/plugins/com.st.stm32cube.ide.mcu.externaltools.gnu-tools-for-stm32.9-2020-q2-update.win32_2.0.0.202105311346/tools/bin/../lib/gcc/arm-none-eabi/9.3.1/../../../../arm-none-eabi/lib/thumb/v7e-m+dp/hard\libc_nano.a(lib_a-nano-svfprintf.o) (memchr)
c:/st/stm32cubeide_1.8.0/stm32cubeide/plugins/com.st.stm32cube.ide.mcu.externaltools.gnu-tools-for-stm32.9-2020-q2-update.win32_2.0.0.202105311346/tools/bin/../lib/gcc/arm-none-eabi/9.3.1/../../../../arm-none-eabi/lib/thumb/v7e-m+dp/hard\libc_nano.a(lib_a-memcpy-stub.o)
[...]
Memory Configuration

Name             Origin             Length             Attributes
RAM_D1           0x0000000024000000 0x0000000000080000 xrw
FLASH            0x0000000008000000 0x0000000000100000 xr
DTCMRAM          0x0000000020000000 0x0000000000020000 xrw
RAM_D2           0x0000000030000000 0x0000000000048000 xrw
RAM_D3           0x0000000038000000 0x0000000000010000 xrw
ITCMRAM          0x0000000000000000 0x0000000000010000 xrw
*default*        0x0000000000000000 0xffffffffffffffff

Linker script and memory map

LOAD c:/st/stm32cubeide_1.8.0/stm32cubeide/plugins/com.st.stm32cube.ide.mcu.externaltools.gnu-tools-for-stm32.9-2020-q2-update.win32_2.0.0.202105311346/tools/bin/../lib/gcc/arm-none-eabi/9.3.1/thumb/v7e-m+dp/hard/crti.o
LOAD c:/st/stm32cubeide_1.8.0/stm32cubeide/plugins/com.st.stm32cube.ide.mcu.externaltools.gnu-tools-for-stm32.9-2020-q2-update.win32_2.0.0.202105311346/tools/bin/../lib/gcc/arm-none-eabi/9.3.1/thumb/v7e-m+dp/hard/crtbegin.o
LOAD c:/st/stm32cubeide_1.8.0/stm32cubeide/plugins/com.st.stm32cube.ide.mcu.externaltools.gnu-tools-for-stm32.9-2020-q2-update.win32_2.0.0.202105311346/tools/bin/../lib/gcc/arm-none-eabi/9.3.1/../../../../arm-none-eabi/lib/thumb/v7e-m+dp/hard/crt0.o
LOAD ./Common/Src/system_stm32h7xx_dualcore_boot_cm4_cm7.o
LOAD ./Core/Src/main.o
LOAD ./Core/Src/stm32h7xx_hal_msp.o
LOAD ./Core/Src/stm32h7xx_it.o
LOAD ./Core/Src/syscalls.o
LOAD ./Core/Src/sysmem.o
LOAD ./Core/Startup/startup_stm32h745zitx.o
LOAD ./Drivers/STM32H7xx_HAL_Driver/stm32h7xx_hal.o
LOAD ./Drivers/STM32H7xx_HAL_Driver/stm32h7xx_hal_cortex.o
LOAD ./Drivers/STM32H7xx_HAL_Driver/stm32h7xx_hal_dma.o
LOAD ./Drivers/STM32H7xx_HAL_Driver/stm32h7xx_hal_dma_ex.o
LOAD ./Drivers/STM32H7xx_HAL_Driver/stm32h7xx_hal_eth.o
LOAD ./Drivers/STM32H7xx_HAL_Driver/stm32h7xx_hal_eth_ex.o
LOAD ./Drivers/STM32H7xx_HAL_Driver/stm32h7xx_hal_exti.o
LOAD ./Drivers/STM32H7xx_HAL_Driver/stm32h7xx_hal_flash.o
LOAD ./Drivers/STM32H7xx_HAL_Driver/stm32h7xx_hal_flash_ex.o
LOAD ./Drivers/STM32H7xx_HAL_Driver/stm32h7xx_hal_gpio.o
LOAD ./Drivers/STM32H7xx_HAL_Driver/stm32h7xx_hal_hsem.o
LOAD ./Drivers/STM32H7xx_HAL_Driver/stm32h7xx_hal_i2c.o
LOAD ./Drivers/STM32H7xx_HAL_Driver/stm32h7xx_hal_i2c_ex.o
LOAD ./Drivers/STM32H7xx_HAL_Driver/stm32h7xx_hal_mdma.o
LOAD ./Drivers/STM32H7xx_HAL_Driver/stm32h7xx_hal_pcd.o
LOAD ./Drivers/STM32H7xx_HAL_Driver/stm32h7xx_hal_pcd_ex.o
LOAD ./Drivers/STM32H7xx_HAL_Driver/stm32h7xx_hal_pwr.o
LOAD ./Drivers/STM32H7xx_HAL_Driver/stm32h7xx_hal_pwr_ex.o
LOAD ./Drivers/STM32H7xx_HAL_Driver/stm32h7xx_hal_rcc.o
LOAD ./Drivers/STM32H7xx_HAL_Driver/stm32h7xx_hal_rcc_ex.o
LOAD ./Drivers/STM32H7xx_HAL_Driver/stm32h7xx_hal_spi.o
LOAD ./Drivers/STM32H7xx_HAL_Driver/stm32h7xx_hal_spi_ex.o
LOAD ./Drivers/STM32H7xx_HAL_Driver/stm32h7xx_hal_tim.o
LOAD ./Drivers/STM32H7xx_HAL_Driver/stm32h7xx_hal_tim_ex.o
LOAD ./Drivers/STM32H7xx_HAL_Driver/stm32h7xx_hal_uart.o
LOAD ./Drivers/STM32H7xx_HAL_Driver/stm32h7xx_hal_uart_ex.o
LOAD ./Drivers/STM32H7xx_HAL_Driver/stm32h7xx_ll_usb.o
START GROUP
LOAD c:/st/stm32cubeide_1.8.0/stm32cubeide/plugins/com.st.stm32cube.ide.mcu.externaltools.gnu-tools-for-stm32.9-2020-q2-update.win32_2.0.0.202105311346/tools/bin/../lib/gcc/arm-none-eabi/9.3.1/../../../../arm-none-eabi/lib/thumb/v7e-m+dp/hard\libc_nano.a
LOAD c:/st/stm32cubeide_1.8.0/stm32cubeide/plugins/com.st.stm32cube.ide.mcu.externaltools.gnu-tools-for-stm32.9-2020-q2-update.win32_2.0.0.202105311346/tools/bin/../lib/gcc/arm-none-eabi/9.3.1/../../../../arm-none-eabi/lib/thumb/v7e-m+dp/hard\libm.a
END GROUP
START GROUP
LOAD c:/st/stm32cubeide_1.8.0/stm32cubeide/plugins/com.st.stm32cube.ide.mcu.externaltools.gnu-tools-for-stm32.9-2020-q2-update.win32_2.0.0.202105311346/tools/bin/../lib/gcc/arm-none-eabi/9.3.1/thumb/v7e-m+dp/hard\libgcc.a
LOAD c:/st/stm32cubeide_1.8.0/stm32cubeide/plugins/com.st.stm32cube.ide.mcu.externaltools.gnu-tools-for-stm32.9-2020-q2-update.win32_2.0.0.202105311346/tools/bin/../lib/gcc/arm-none-eabi/9.3.1/../../../../arm-none-eabi/lib/thumb/v7e-m+dp/hard\libc_nano.a
END GROUP
START GROUP
LOAD c:/st/stm32cubeide_1.8.0/stm32cubeide/plugins/com.st.stm32cube.ide.mcu.externaltools.gnu-tools-for-stm32.9-2020-q2-update.win32_2.0.0.202105311346/tools/bin/../lib/gcc/arm-none-eabi/9.3.1/thumb/v7e-m+dp/hard\libgcc.a
LOAD c:/st/stm32cubeide_1.8.0/stm32cubeide/plugins/com.st.stm32cube.ide.mcu.externaltools.gnu-tools-for-stm32.9-2020-q2-update.win32_2.0.0.202105311346/tools/bin/../lib/gcc/arm-none-eabi/9.3.1/../../../../arm-none-eabi/lib/thumb/v7e-m+dp/hard\libc_nano.a
LOAD c:/st/stm32cubeide_1.8.0/stm32cubeide/plugins/com.st.stm32cube.ide.mcu.externaltools.gnu-tools-for-stm32.9-2020-q2-update.win32_2.0.0.202105311346/tools/bin/../lib/gcc/arm-none-eabi/9.3.1/../../../../arm-none-eabi/lib/thumb/v7e-m+dp/hard\libnosys.a
END GROUP
START GROUP
LOAD c:/st/stm32cubeide_1.8.0/stm32cubeide/plugins/com.st.stm32cube.ide.mcu.externaltools.gnu-tools-for-stm32.9-2020-q2-update.win32_2.0.0.202105311346/tools/bin/../lib/gcc/arm-none-eabi/9.3.1/thumb/v7e-m+dp/hard\libgcc.a
LOAD c:/st/stm32cubeide_1.8.0/stm32cubeide/plugins/com.st.stm32cube.ide.mcu.externaltools.gnu-tools-for-stm32.9-2020-q2-update.win32_2.0.0.202105311346/tools/bin/../lib/gcc/arm-none-eabi/9.3.1/../../../../arm-none-eabi/lib/thumb/v7e-m+dp/hard\libc_nano.a
LOAD c:/st/stm32cubeide_1.8.0/stm32cubeide/plugins/com.st.stm32cube.ide.mcu.externaltools.gnu-tools-for-stm32.9-2020-q2-update.win32_2.0.0.202105311346/tools/bin/../lib/gcc/arm-none-eabi/9.3.1/../../../../arm-none-eabi/lib/thumb/v7e-m+dp/hard\libnosys.a
END GROUP
LOAD c:/st/stm32cubeide_1.8.0/stm32cubeide/plugins/com.st.stm32cube.ide.mcu.externaltools.gnu-tools-for-stm32.9-2020-q2-update.win32_2.0.0.202105311346/tools/bin/../lib/gcc/arm-none-eabi/9.3.1/thumb/v7e-m+dp/hard/crtend.o
LOAD c:/st/stm32cubeide_1.8.0/stm32cubeide/plugins/com.st.stm32cube.ide.mcu.externaltools.gnu-tools-for-stm32.9-2020-q2-update.win32_2.0.0.202105311346/tools/bin/../lib/gcc/arm-none-eabi/9.3.1/thumb/v7e-m+dp/hard/crtn.o
                0x0000000024080000                _estack = (ORIGIN (RAM_D1) + LENGTH (RAM_D1))
                0x0000000000000200                _Min_Heap_Size = 0x200
                0x0000000000000400                _Min_Stack_Size = 0x400

.isr_vector     0x0000000008000000      0x298
                0x0000000008000000                . = ALIGN (0x4)
 *(.isr_vector)
 .isr_vector    0x0000000008000000      0x298 ./Core/Startup/startup_stm32h745zitx.o
                0x0000000008000000                g_pfnVectors
                0x0000000008000298                . = ALIGN (0x4)

.text           0x00000000080002a0     0xccf4
                0x00000000080002a0                . = ALIGN (0x4)
 *(.text)
 .text          0x00000000080002a0       0x40 c:/st/stm32cubeide_1.8.0/stm32cubeide/plugins/com.st.stm32cube.ide.mcu.externaltools.gnu-tools-for-stm32.9-2020-q2-update.win32_2.0.0.202105311346/tools/bin/../lib/gcc/arm-none-eabi/9.3.1/thumb/v7e-m+dp/hard/crtbegin.o
 .text          0x00000000080002e0       0xa0 c:/st/stm32cubeide_1.8.0/stm32cubeide/plugins/com.st.stm32cube.ide.mcu.externaltools.gnu-tools-for-stm32.9-2020-q2-update.win32_2.0.0.202105311346/tools/bin/../lib/gcc/arm-none-eabi/9.3.1/../../../../arm-none-eabi/lib/thumb/v7e-m+dp/hard\libc_nano.a(lib_a-memchr.o)
                0x00000000080002e0                memchr
 .text          0x0000000008000380       0x30 c:/st/stm32cubeide_1.8.0/stm32cubeide/plugins/com.st.stm32cube.ide.mcu.externaltools.gnu-tools-for-stm32.9-2020-q2-update.win32_2.0.0.202105311346/tools/bin/../lib/gcc/arm-none-eabi/9.3.1/thumb/v7e-m+dp/hard\libgcc.a(_aeabi_uldivmod.o)
                0x0000000008000380                __aeabi_uldivmod
 .text          0x00000000080003b0       0x40 c:/st/stm32cubeide_1.8.0/stm32cubeide/plugins/com.st.stm32cube.ide.mcu.externaltools.gnu-tools-for-stm32.9-2020-q2-update.win32_2.0.0.202105311346/tools/bin/../lib/gcc/arm-none-eabi/9.3.1/thumb/v7e-m+dp/hard\libgcc.a(_fixunsdfdi.o)
                0x00000000080003b0                __fixunsdfdi
                0x00000000080003b0                __aeabi_d2ulz
 .text          0x00000000080003f0      0x2c4 c:/st/stm32cubeide_1.8.0/stm32cubeide/plugins/com.st.stm32cube.ide.mcu.externaltools.gnu-tools-for-stm32.9-2020-q2-update.win32_2.0.0.202105311346/tools/bin/../lib/gcc/arm-none-eabi/9.3.1/thumb/v7e-m+dp/hard\libgcc.a(_udivmoddi4.o)
                0x00000000080003f0                __udivmoddi4
 .text          0x00000000080006b4        0x4 c:/st/stm32cubeide_1.8.0/stm32cubeide/plugins/com.st.stm32cube.ide.mcu.externaltools.gnu-tools-for-stm32.9-2020-q2-update.win32_2.0.0.202105311346/tools/bin/../lib/gcc/arm-none-eabi/9.3.1/thumb/v7e-m+dp/hard\libgcc.a(_dvmd_tls.o)
                0x00000000080006b4                __aeabi_idiv0
                0x00000000080006b4                __aeabi_ldiv0
 *(.text*)
 .text.SystemInit
                0x00000000080006b8      0x134 ./Common/Src/system_stm32h7xx_dualcore_boot_cm4_cm7.o
                0x00000000080006b8                SystemInit
 .text.main     0x00000000080007ec      0x100 ./Core/Src/main.o
                0x00000000080007ec                main
 .text.SystemClock_Config
                0x00000000080008ec      0x10c ./Core/Src/main.o
                0x00000000080008ec                SystemClock_Config
 .text.MX_ETH_Init
                0x00000000080009f8       0x98 ./Core/Src/main.o
 .text.MX_SPI1_Init
                0x0000000008000a90       0xb0 ./Core/Src/main.o
 .text.MX_TIM2_Init
                0x0000000008000b40       0x9c ./Core/Src/main.o
 .text.MX_TIM3_Init
                0x0000000008000bdc       0x9c ./Core/Src/main.o
 .text.MX_TIM5_Init
                0x0000000008000c78       0x9c ./Core/Src/main.o
 .text.MX_TIM15_Init
                0x0000000008000d14       0xa0 ./Core/Src/main.o
 .text.MX_USART3_UART_Init
                0x0000000008000db4       0x98 ./Core/Src/main.o
 .text.MX_USB_OTG_FS_PCD_Init
                0x0000000008000e4c       0x64 ./Core/Src/main.o
 .text.MX_DMA_Init
                0x0000000008000eb0       0x40 ./Core/Src/main.o
 .text.MX_GPIO_Init
                0x0000000008000ef0      0x158 ./Core/Src/main.o
 .text.HAL_TIM_PeriodElapsedCallback
                0x0000000008001048       0xcc ./Core/Src/main.o
                0x0000000008001048                HAL_TIM_PeriodElapsedCallback
 .text.requestT
                0x0000000008001114       0x44 ./Core/Src/main.o
                0x0000000008001114                requestT
 .text.get_value
                0x0000000008001158       0x48 ./Core/Src/main.o
                0x0000000008001158                get_value
 .text.Update_check_Value
                0x00000000080011a0      0x178 ./Core/Src/main.o
                0x00000000080011a0                Update_check_Value
 .text.LCD_init
                0x0000000008001318       0xec ./Core/Src/main.o
                0x0000000008001318                LCD_init
 .text.abss     0x0000000008001404       0x3a ./Core/Src/main.o
                0x0000000008001404                abss
 *fill*         0x000000000800143e        0x2 
 .text.sortt    0x0000000008001440       0xb0 ./Core/Src/main.o
                0x0000000008001440                sortt
 .text.makeImg  0x00000000080014f0     0x190c ./Core/Src/main.o
                0x00000000080014f0                makeImg
 .text.fillFrame
                0x0000000008002dfc       0x38 ./Core/Src/main.o
                0x0000000008002dfc                fillFrame
 .text.Updatescreen
                0x0000000008002e34       0x4c ./Core/Src/main.o
                0x0000000008002e34                Updatescreen
 .text.Error_Handler
                0x0000000008002e80        0xa ./Core/Src/main.o
                0x0000000008002e80                Error_Handler
 *fill*         0x0000000008002e8a        0x2 
 .text.HAL_MspInit
                0x0000000008002e8c       0x34 ./Core/Src/stm32h7xx_hal_msp.o
                0x0000000008002e8c                HAL_MspInit
 .text.HAL_ETH_MspInit
                0x0000000008002ec0      0x19c ./Core/Src/stm32h7xx_hal_msp.o
                0x0000000008002ec0                HAL_ETH_MspInit
 .text.HAL_SPI_MspInit
                0x000000000800305c      0x188 ./Core/Src/stm32h7xx_hal_msp.o
                0x000000000800305c                HAL_SPI_MspInit
 .text.HAL_TIM_Base_MspInit
                0x00000000080031e4      0x108 ./Core/Src/stm32h7xx_hal_msp.o
                0x00000000080031e4                HAL_TIM_Base_MspInit
 .text.HAL_UART_MspInit
                0x00000000080032ec       0xcc ./Core/Src/stm32h7xx_hal_msp.o
                0x00000000080032ec                HAL_UART_MspInit
 .text.HAL_PCD_MspInit
                0x00000000080033b8      0x114 ./Core/Src/stm32h7xx_hal_msp.o
                0x00000000080033b8                HAL_PCD_MspInit
 .text.NMI_Handler
                0x00000000080034cc        0x6 ./Core/Src/stm32h7xx_it.o
                0x00000000080034cc                NMI_Handler
 .text.HardFault_Handler
                0x00000000080034d2        0x6 ./Core/Src/stm32h7xx_it.o
                0x00000000080034d2                HardFault_Handler
 .text.MemManage_Handler
                0x00000000080034d8        0x6 ./Core/Src/stm32h7xx_it.o
                0x00000000080034d8                MemManage_Handler
 .text.BusFault_Handler
                0x00000000080034de        0x6 ./Core/Src/stm32h7xx_it.o
                0x00000000080034de                BusFault_Handler
 .text.UsageFault_Handler
                0x00000000080034e4        0x6 ./Core/Src/stm32h7xx_it.o
                0x00000000080034e4                UsageFault_Handler
 .text.SVC_Handler
                0x00000000080034ea        0xe ./Core/Src/stm32h7xx_it.o
                0x00000000080034ea                SVC_Handler
 .text.DebugMon_Handler
                0x00000000080034f8        0xe ./Core/Src/stm32h7xx_it.o
                0x00000000080034f8                DebugMon_Handler
 .text.PendSV_Handler
                0x0000000008003506        0xe ./Core/Src/stm32h7xx_it.o
                0x0000000008003506                PendSV_Handler
 .text.SysTick_Handler
                0x0000000008003514        0xc ./Core/Src/stm32h7xx_it.o
                0x0000000008003514                SysTick_Handler
 .text.DMA1_Stream0_IRQHandler
                0x0000000008003520       0x14 ./Core/Src/stm32h7xx_it.o
                0x0000000008003520                DMA1_Stream0_IRQHandler
 .text.TIM2_IRQHandler
                0x0000000008003534       0x14 ./Core/Src/stm32h7xx_it.o
                0x0000000008003534                TIM2_IRQHandler
 .text.TIM3_IRQHandler
                0x0000000008003548       0x14 ./Core/Src/stm32h7xx_it.o
                0x0000000008003548                TIM3_IRQHandler
 .text.SPI1_IRQHandler
                0x000000000800355c       0x14 ./Core/Src/stm32h7xx_it.o
                0x000000000800355c                SPI1_IRQHandler
 .text.TIM5_IRQHandler
                0x0000000008003570       0x14 ./Core/Src/stm32h7xx_it.o
                0x0000000008003570                TIM5_IRQHandler
 .text.TIM15_IRQHandler
                0x0000000008003584       0x14 ./Core/Src/stm32h7xx_it.o
                0x0000000008003584                TIM15_IRQHandler
 .text._sbrk    0x0000000008003598       0x6c ./Core/Src/sysmem.o
                0x0000000008003598                _sbrk
 .text.Reset_Handler
                0x0000000008003604       0x50 ./Core/Startup/startup_stm32h745zitx.o
                0x0000000008003604                Reset_Handler
 .text.Default_Handler
                0x0000000008003654        0x2 ./Core/Startup/startup_stm32h745zitx.o
                0x0000000008003654                RTC_Alarm_IRQHandler
                0x0000000008003654                EXTI2_IRQHandler
                0x0000000008003654                TIM8_CC_IRQHandler
                0x0000000008003654                HRTIM1_Master_IRQHandler
                0x0000000008003654                UART8_IRQHandler
                0x0000000008003654                SPI4_IRQHandler
                0x0000000008003654                TIM1_CC_IRQHandler
                0x0000000008003654                BDMA_Channel6_IRQHandler
                0x0000000008003654                DMA2_Stream5_IRQHandler
                0x0000000008003654                HRTIM1_FLT_IRQHandler
                0x0000000008003654                JPEG_IRQHandler
                0x0000000008003654                DMA1_Stream5_IRQHandler
                0x0000000008003654                BDMA_Channel1_IRQHandler
                0x0000000008003654                HRTIM1_TIMD_IRQHandler
                0x0000000008003654                TAMP_STAMP_IRQHandler
                0x0000000008003654                EXTI3_IRQHandler
                0x0000000008003654                LPTIM4_IRQHandler
                0x0000000008003654                TIM8_TRG_COM_TIM14_IRQHandler
                0x0000000008003654                LPTIM2_IRQHandler
                0x0000000008003654                DFSDM1_FLT1_IRQHandler
                0x0000000008003654                DMAMUX2_OVR_IRQHandler
                0x0000000008003654                TIM8_UP_TIM13_IRQHandler
                0x0000000008003654                I2C3_ER_IRQHandler
                0x0000000008003654                DFSDM1_FLT2_IRQHandler
                0x0000000008003654                MDMA_IRQHandler
                0x0000000008003654                LPTIM3_IRQHandler
                0x0000000008003654                HSEM1_IRQHandler
                0x0000000008003654                EXTI0_IRQHandler
                0x0000000008003654                I2C2_EV_IRQHandler
                0x0000000008003654                DMA1_Stream2_IRQHandler
                0x0000000008003654                FPU_IRQHandler
                0x0000000008003654                OTG_HS_WKUP_IRQHandler
                0x0000000008003654                FDCAN1_IT1_IRQHandler
                0x0000000008003654                LTDC_ER_IRQHandler
                0x0000000008003654                DMA2_Stream2_IRQHandler
                0x0000000008003654                HRTIM1_TIME_IRQHandler
                0x0000000008003654                TIM6_DAC_IRQHandler
                0x0000000008003654                DCMI_IRQHandler
                0x0000000008003654                HRTIM1_TIMC_IRQHandler
                0x0000000008003654                DMA2_Stream3_IRQHandler
                0x0000000008003654                SAI2_IRQHandler
                0x0000000008003654                DFSDM1_FLT3_IRQHandler
                0x0000000008003654                USART6_IRQHandler
                0x0000000008003654                TIM17_IRQHandler
                0x0000000008003654                USART3_IRQHandler
                0x0000000008003654                BDMA_Channel7_IRQHandler
                0x0000000008003654                LPTIM5_IRQHandler
                0x0000000008003654                UART5_IRQHandler
                0x0000000008003654                ADC3_IRQHandler
                0x0000000008003654                DMA2_Stream0_IRQHandler
                0x0000000008003654                TIM4_IRQHandler
                0x0000000008003654                BDMA_Channel2_IRQHandler
                0x0000000008003654                QUADSPI_IRQHandler
                0x0000000008003654                I2C1_EV_IRQHandler
                0x0000000008003654                DMA1_Stream6_IRQHandler
                0x0000000008003654                DMAMUX1_OVR_IRQHandler
                0x0000000008003654                DMA1_Stream1_IRQHandler
                0x0000000008003654                TIM16_IRQHandler
                0x0000000008003654                UART4_IRQHandler
                0x0000000008003654                BDMA_Channel5_IRQHandler
                0x0000000008003654                RCC_IRQHandler
                0x0000000008003654                TIM8_BRK_TIM12_IRQHandler
                0x0000000008003654                TIM1_TRG_COM_IRQHandler
                0x0000000008003654                Default_Handler
                0x0000000008003654                ECC_IRQHandler
                0x0000000008003654                CEC_IRQHandler
                0x0000000008003654                EXTI15_10_IRQHandler
                0x0000000008003654                BDMA_Channel0_IRQHandler
                0x0000000008003654                ADC_IRQHandler
                0x0000000008003654                DMA1_Stream7_IRQHandler
                0x0000000008003654                HRTIM1_TIMA_IRQHandler
                0x0000000008003654                SPI5_IRQHandler
                0x0000000008003654                TIM7_IRQHandler
                0x0000000008003654                SDMMC1_IRQHandler
                0x0000000008003654                DMA2_Stream7_IRQHandler
                0x0000000008003654                PVD_AVD_IRQHandler
                0x0000000008003654                I2C3_EV_IRQHandler
                0x0000000008003654                EXTI9_5_IRQHandler
                0x0000000008003654                RTC_WKUP_IRQHandler
                0x0000000008003654                LTDC_IRQHandler
                0x0000000008003654                SAI3_IRQHandler
                0x0000000008003654                ETH_WKUP_IRQHandler
                0x0000000008003654                SPDIF_RX_IRQHandler
                0x0000000008003654                SPI2_IRQHandler
                0x0000000008003654                OTG_HS_EP1_IN_IRQHandler
                0x0000000008003654                CRS_IRQHandler
                0x0000000008003654                CM7_SEV_IRQHandler
                0x0000000008003654                EXTI4_IRQHandler
                0x0000000008003654                RNG_IRQHandler
                0x0000000008003654                CM4_SEV_IRQHandler
                0x0000000008003654                HRTIM1_TIMB_IRQHandler
                0x0000000008003654                FDCAN2_IT1_IRQHandler
                0x0000000008003654                ETH_IRQHandler
                0x0000000008003654                TIM1_UP_IRQHandler
                0x0000000008003654                WWDG_RST_IRQHandler
                0x0000000008003654                BDMA_Channel4_IRQHandler
                0x0000000008003654                OTG_HS_EP1_OUT_IRQHandler
                0x0000000008003654                WWDG_IRQHandler
                0x0000000008003654                SPI6_IRQHandler
                0x0000000008003654                MDIOS_IRQHandler
                0x0000000008003654                I2C4_EV_IRQHandler
                0x0000000008003654                FDCAN2_IT0_IRQHandler
                0x0000000008003654                LPUART1_IRQHandler
                0x0000000008003654                FDCAN1_IT0_IRQHandler
                0x0000000008003654                OTG_FS_WKUP_IRQHandler
                0x0000000008003654                OTG_HS_IRQHandler
                0x0000000008003654                HSEM2_IRQHandler
                0x0000000008003654                DMA2D_IRQHandler
                0x0000000008003654                TIM1_BRK_IRQHandler
                0x0000000008003654                EXTI1_IRQHandler
                0x0000000008003654                SDMMC2_IRQHandler
                0x0000000008003654                OTG_FS_EP1_OUT_IRQHandler
                0x0000000008003654                BDMA_Channel3_IRQHandler
                0x0000000008003654                HOLD_CORE_IRQHandler
                0x0000000008003654                UART7_IRQHandler
                0x0000000008003654                MDIOS_WKUP_IRQHandler
                0x0000000008003654                USART2_IRQHandler
                0x0000000008003654                DFSDM1_FLT0_IRQHandler
                0x0000000008003654                SAI4_IRQHandler
                0x0000000008003654                I2C2_ER_IRQHandler
                0x0000000008003654                DMA2_Stream1_IRQHandler
                0x0000000008003654                FLASH_IRQHandler
                0x0000000008003654                DMA2_Stream4_IRQHandler
                0x0000000008003654                USART1_IRQHandler
                0x0000000008003654                OTG_FS_IRQHandler
                0x0000000008003654                SPI3_IRQHandler
                0x0000000008003654                WAKEUP_PIN_IRQHandler
                0x0000000008003654                DMA1_Stream4_IRQHandler
                0x0000000008003654                OTG_FS_EP1_IN_IRQHandler
                0x0000000008003654                I2C1_ER_IRQHandler
                0x0000000008003654                FMC_IRQHandler
                0x0000000008003654                FDCAN_CAL_IRQHandler
                0x0000000008003654                SWPMI1_IRQHandler
                0x0000000008003654                COMP1_IRQHandler
                0x0000000008003654                LPTIM1_IRQHandler
                0x0000000008003654                I2C4_ER_IRQHandler
                0x0000000008003654                DMA2_Stream6_IRQHandler
                0x0000000008003654                SAI1_IRQHandler
                0x0000000008003654                DMA1_Stream3_IRQHandler
 *fill*         0x0000000008003656        0x2 
 .text.HAL_Init
                0x0000000008003658       0x78 ./Drivers/STM32H7xx_HAL_Driver/stm32h7xx_hal.o
                0x0000000008003658                HAL_Init
 .text.HAL_InitTick
                0x00000000080036d0       0x6c ./Drivers/STM32H7xx_HAL_Driver/stm32h7xx_hal.o
                0x00000000080036d0                HAL_InitTick
 .text.HAL_IncTick
                0x000000000800373c       0x28 ./Drivers/STM32H7xx_HAL_Driver/stm32h7xx_hal.o
                0x000000000800373c                HAL_IncTick
 .text.HAL_GetTick
                0x0000000008003764       0x18 ./Drivers/STM32H7xx_HAL_Driver/stm32h7xx_hal.o
                0x0000000008003764                HAL_GetTick
 .text.HAL_Delay
                0x000000000800377c       0x48 ./Drivers/STM32H7xx_HAL_Driver/stm32h7xx_hal.o
                0x000000000800377c                HAL_Delay
 .text.HAL_GetREVID
                0x00000000080037c4       0x18 ./Drivers/STM32H7xx_HAL_Driver/stm32h7xx_hal.o
                0x00000000080037c4                HAL_GetREVID
 .text.HAL_SYSCFG_ETHInterfaceSelect
                0x00000000080037dc       0x28 ./Drivers/STM32H7xx_HAL_Driver/stm32h7xx_hal.o
                0x00000000080037dc                HAL_SYSCFG_ETHInterfaceSelect
 .text.__NVIC_SetPriorityGrouping
                0x0000000008003804       0x48 ./Drivers/STM32H7xx_HAL_Driver/stm32h7xx_hal_cortex.o
 .text.__NVIC_GetPriorityGrouping
                0x000000000800384c       0x1c ./Drivers/STM32H7xx_HAL_Driver/stm32h7xx_hal_cortex.o
 .text.__NVIC_EnableIRQ
                0x0000000008003868       0x3c ./Drivers/STM32H7xx_HAL_Driver/stm32h7xx_hal_cortex.o
 .text.__NVIC_SetPriority
                0x00000000080038a4       0x54 ./Drivers/STM32H7xx_HAL_Driver/stm32h7xx_hal_cortex.o
 .text.NVIC_EncodePriority
                0x00000000080038f8       0x66 ./Drivers/STM32H7xx_HAL_Driver/stm32h7xx_hal_cortex.o
 *fill*         0x000000000800395e        0x2 
 .text.SysTick_Config
                0x0000000008003960       0x44 ./Drivers/STM32H7xx_HAL_Driver/stm32h7xx_hal_cortex.o
 .text.HAL_NVIC_SetPriorityGrouping
                0x00000000080039a4       0x16 ./Drivers/STM32H7xx_HAL_Driver/stm32h7xx_hal_cortex.o
                0x00000000080039a4                HAL_NVIC_SetPriorityGrouping
 .text.HAL_NVIC_SetPriority
                0x00000000080039ba       0x34 ./Drivers/STM32H7xx_HAL_Driver/stm32h7xx_hal_cortex.o
                0x00000000080039ba                HAL_NVIC_SetPriority
 .text.HAL_NVIC_EnableIRQ
                0x00000000080039ee       0x1c ./Drivers/STM32H7xx_HAL_Driver/stm32h7xx_hal_cortex.o
                0x00000000080039ee                HAL_NVIC_EnableIRQ
 .text.HAL_SYSTICK_Config
                0x0000000008003a0a       0x18 ./Drivers/STM32H7xx_HAL_Driver/stm32h7xx_hal_cortex.o
                0x0000000008003a0a                HAL_SYSTICK_Config
 *fill*         0x0000000008003a22        0x2 
 .text.HAL_DMA_Init
                0x0000000008003a24      0x6b8 ./Drivers/STM32H7xx_HAL_Driver/stm32h7xx_hal_dma.o
                0x0000000008003a24                HAL_DMA_Init
 .text.HAL_DMA_Start_IT
                0x00000000080040dc      0x4d4 ./Drivers/STM32H7xx_HAL_Driver/stm32h7xx_hal_dma.o
                0x00000000080040dc                HAL_DMA_Start_IT
 .text.HAL_DMA_Abort_IT
                0x00000000080045b0      0x488 ./Drivers/STM32H7xx_HAL_Driver/stm32h7xx_hal_dma.o
                0x00000000080045b0                HAL_DMA_Abort_IT
 .text.HAL_DMA_IRQHandler
                0x0000000008004a38      0xe54 ./Drivers/STM32H7xx_HAL_Driver/stm32h7xx_hal_dma.o
                0x0000000008004a38                HAL_DMA_IRQHandler
 .text.HAL_DMA_GetError
                0x000000000800588c       0x18 ./Drivers/STM32H7xx_HAL_Driver/stm32h7xx_hal_dma.o
                0x000000000800588c                HAL_DMA_GetError
 .text.DMA_SetConfig
                0x00000000080058a4      0x358 ./Drivers/STM32H7xx_HAL_Driver/stm32h7xx_hal_dma.o
 .text.DMA_CalcBaseAndBitshift
                0x0000000008005bfc      0x164 ./Drivers/STM32H7xx_HAL_Driver/stm32h7xx_hal_dma.o
 .text.DMA_CheckFifoParam
                0x0000000008005d60       0xf8 ./Drivers/STM32H7xx_HAL_Driver/stm32h7xx_hal_dma.o
 .text.DMA_CalcDMAMUXChannelBaseAndMask
                0x0000000008005e58      0x134 ./Drivers/STM32H7xx_HAL_Driver/stm32h7xx_hal_dma.o
 .text.DMA_CalcDMAMUXRequestGenBaseAndMask
                0x0000000008005f8c       0xe8 ./Drivers/STM32H7xx_HAL_Driver/stm32h7xx_hal_dma.o
 .text.HAL_ETH_Init
                0x0000000008006074      0x1b4 ./Drivers/STM32H7xx_HAL_Driver/stm32h7xx_hal_eth.o
                0x0000000008006074                HAL_ETH_Init
 .text.ETH_SetMACConfig
                0x0000000008006228      0x238 ./Drivers/STM32H7xx_HAL_Driver/stm32h7xx_hal_eth.o
 .text.ETH_SetDMAConfig
                0x0000000008006460      0x10c ./Drivers/STM32H7xx_HAL_Driver/stm32h7xx_hal_eth.o
 .text.ETH_MACDMAConfig
                0x000000000800656c      0x13a ./Drivers/STM32H7xx_HAL_Driver/stm32h7xx_hal_eth.o
 *fill*         0x00000000080066a6        0x2 
 .text.ETH_MAC_MDIO_ClkConfig
                0x00000000080066a8       0xb0 ./Drivers/STM32H7xx_HAL_Driver/stm32h7xx_hal_eth.o
 .text.ETH_DMATxDescListInit
                0x0000000008006758       0x8e ./Drivers/STM32H7xx_HAL_Driver/stm32h7xx_hal_eth.o
 .text.ETH_DMARxDescListInit
                0x00000000080067e6       0xba ./Drivers/STM32H7xx_HAL_Driver/stm32h7xx_hal_eth.o
 .text.HAL_GPIO_Init
                0x00000000080068a0      0x360 ./Drivers/STM32H7xx_HAL_Driver/stm32h7xx_hal_gpio.o
                0x00000000080068a0                HAL_GPIO_Init
 .text.HAL_GPIO_ReadPin
                0x0000000008006c00       0x30 ./Drivers/STM32H7xx_HAL_Driver/stm32h7xx_hal_gpio.o
                0x0000000008006c00                HAL_GPIO_ReadPin
 .text.HAL_GPIO_WritePin
                0x0000000008006c30       0x32 ./Drivers/STM32H7xx_HAL_Driver/stm32h7xx_hal_gpio.o
                0x0000000008006c30                HAL_GPIO_WritePin
 *fill*         0x0000000008006c62        0x2 
 .text.HAL_HSEM_FastTake
                0x0000000008006c64       0x34 ./Drivers/STM32H7xx_HAL_Driver/stm32h7xx_hal_hsem.o
                0x0000000008006c64                HAL_HSEM_FastTake
 .text.HAL_HSEM_Release
                0x0000000008006c98       0x28 ./Drivers/STM32H7xx_HAL_Driver/stm32h7xx_hal_hsem.o
                0x0000000008006c98                HAL_HSEM_Release
 .text.HAL_PCD_Init
                0x0000000008006cc0      0x248 ./Drivers/STM32H7xx_HAL_Driver/stm32h7xx_hal_pcd.o
                0x0000000008006cc0                HAL_PCD_Init
 .text.HAL_PCDEx_ActivateLPM
                0x0000000008006f08       0x48 ./Drivers/STM32H7xx_HAL_Driver/stm32h7xx_hal_pcd_ex.o
                0x0000000008006f08                HAL_PCDEx_ActivateLPM
 .text.HAL_PWREx_ConfigSupply
                0x0000000008006f50       0xb4 ./Drivers/STM32H7xx_HAL_Driver/stm32h7xx_hal_pwr_ex.o
                0x0000000008006f50                HAL_PWREx_ConfigSupply
 .text.HAL_PWREx_EnableUSBVoltageDetector
                0x0000000008007004       0x20 ./Drivers/STM32H7xx_HAL_Driver/stm32h7xx_hal_pwr_ex.o
                0x0000000008007004                HAL_PWREx_EnableUSBVoltageDetector
 .text.HAL_RCC_OscConfig
                0x0000000008007024      0x858 ./Drivers/STM32H7xx_HAL_Driver/stm32h7xx_hal_rcc.o
                0x0000000008007024                HAL_RCC_OscConfig
 .text.HAL_RCC_ClockConfig
                0x000000000800787c      0x36c ./Drivers/STM32H7xx_HAL_Driver/stm32h7xx_hal_rcc.o
                0x000000000800787c                HAL_RCC_ClockConfig
 .text.HAL_RCC_GetSysClockFreq
                0x0000000008007be8      0x2f4 ./Drivers/STM32H7xx_HAL_Driver/stm32h7xx_hal_rcc.o
                0x0000000008007be8                HAL_RCC_GetSysClockFreq
 .text.HAL_RCC_GetHCLKFreq
                0x0000000008007edc       0x60 ./Drivers/STM32H7xx_HAL_Driver/stm32h7xx_hal_rcc.o
                0x0000000008007edc                HAL_RCC_GetHCLKFreq
 .text.HAL_RCC_GetPCLK1Freq
                0x0000000008007f3c       0x2c ./Drivers/STM32H7xx_HAL_Driver/stm32h7xx_hal_rcc.o
                0x0000000008007f3c                HAL_RCC_GetPCLK1Freq
 .text.HAL_RCC_GetPCLK2Freq
                0x0000000008007f68       0x2c ./Drivers/STM32H7xx_HAL_Driver/stm32h7xx_hal_rcc.o
                0x0000000008007f68                HAL_RCC_GetPCLK2Freq
 .text.HAL_RCCEx_PeriphCLKConfig
                0x0000000008007f94      0xe80 ./Drivers/STM32H7xx_HAL_Driver/stm32h7xx_hal_rcc_ex.o
                0x0000000008007f94                HAL_RCCEx_PeriphCLKConfig
 .text.HAL_RCCEx_GetD3PCLK1Freq
                0x0000000008008e14       0x2c ./Drivers/STM32H7xx_HAL_Driver/stm32h7xx_hal_rcc_ex.o
                0x0000000008008e14                HAL_RCCEx_GetD3PCLK1Freq
 .text.HAL_RCCEx_GetPLL2ClockFreq
                0x0000000008008e40      0x2a8 ./Drivers/STM32H7xx_HAL_Driver/stm32h7xx_hal_rcc_ex.o
                0x0000000008008e40                HAL_RCCEx_GetPLL2ClockFreq
 .text.HAL_RCCEx_GetPLL3ClockFreq
                0x00000000080090e8      0x2a8 ./Drivers/STM32H7xx_HAL_Driver/stm32h7xx_hal_rcc_ex.o
                0x00000000080090e8                HAL_RCCEx_GetPLL3ClockFreq
 .text.RCCEx_PLL2_Config
                0x0000000008009390      0x164 ./Drivers/STM32H7xx_HAL_Driver/stm32h7xx_hal_rcc_ex.o
 .text.RCCEx_PLL3_Config
                0x00000000080094f4      0x164 ./Drivers/STM32H7xx_HAL_Driver/stm32h7xx_hal_rcc_ex.o
 .text.HAL_SPI_Init
                0x0000000008009658      0x20c ./Drivers/STM32H7xx_HAL_Driver/stm32h7xx_hal_spi.o
                0x0000000008009658                HAL_SPI_Init
 .text.HAL_SPI_Transmit
                0x0000000008009864      0x3e4 ./Drivers/STM32H7xx_HAL_Driver/stm32h7xx_hal_spi.o
                0x0000000008009864                HAL_SPI_Transmit
 .text.HAL_SPI_Transmit_DMA
                0x0000000008009c48      0x294 ./Drivers/STM32H7xx_HAL_Driver/stm32h7xx_hal_spi.o
                0x0000000008009c48                HAL_SPI_Transmit_DMA
 .text.HAL_SPI_IRQHandler
                0x0000000008009edc      0x3c0 ./Drivers/STM32H7xx_HAL_Driver/stm32h7xx_hal_spi.o
                0x0000000008009edc                HAL_SPI_IRQHandler
 .text.HAL_SPI_TxCpltCallback
                0x000000000800a29c       0x14 ./Drivers/STM32H7xx_HAL_Driver/stm32h7xx_hal_spi.o
                0x000000000800a29c                HAL_SPI_TxCpltCallback
 .text.HAL_SPI_RxCpltCallback
                0x000000000800a2b0       0x14 ./Drivers/STM32H7xx_HAL_Driver/stm32h7xx_hal_spi.o
                0x000000000800a2b0                HAL_SPI_RxCpltCallback
 .text.HAL_SPI_TxRxCpltCallback
                0x000000000800a2c4       0x14 ./Drivers/STM32H7xx_HAL_Driver/stm32h7xx_hal_spi.o
                0x000000000800a2c4                HAL_SPI_TxRxCpltCallback
 .text.HAL_SPI_TxHalfCpltCallback
                0x000000000800a2d8       0x14 ./Drivers/STM32H7xx_HAL_Driver/stm32h7xx_hal_spi.o
                0x000000000800a2d8                HAL_SPI_TxHalfCpltCallback
 .text.HAL_SPI_ErrorCallback
                0x000000000800a2ec       0x14 ./Drivers/STM32H7xx_HAL_Driver/stm32h7xx_hal_spi.o
                0x000000000800a2ec                HAL_SPI_ErrorCallback
 .text.SPI_DMATransmitCplt
                0x000000000800a300       0x46 ./Drivers/STM32H7xx_HAL_Driver/stm32h7xx_hal_spi.o
 .text.SPI_DMAHalfTransmitCplt
                0x000000000800a346       0x1c ./Drivers/STM32H7xx_HAL_Driver/stm32h7xx_hal_spi.o
 .text.SPI_DMAError
                0x000000000800a362       0x46 ./Drivers/STM32H7xx_HAL_Driver/stm32h7xx_hal_spi.o
 .text.SPI_DMAAbortOnError
                0x000000000800a3a8       0x34 ./Drivers/STM32H7xx_HAL_Driver/stm32h7xx_hal_spi.o
 .text.SPI_CloseTransfer
                0x000000000800a3dc      0x140 ./Drivers/STM32H7xx_HAL_Driver/stm32h7xx_hal_spi.o
 .text.SPI_WaitOnFlagUntilTimeout
                0x000000000800a51c       0x5c ./Drivers/STM32H7xx_HAL_Driver/stm32h7xx_hal_spi.o
 .text.SPI_GetPacketSize
                0x000000000800a578       0x36 ./Drivers/STM32H7xx_HAL_Driver/stm32h7xx_hal_spi.o
 .text.HAL_TIM_Base_Init
                0x000000000800a5ae       0xae ./Drivers/STM32H7xx_HAL_Driver/stm32h7xx_hal_tim.o
                0x000000000800a5ae                HAL_TIM_Base_Init
 .text.HAL_TIM_Base_Stop
                0x000000000800a65c       0x4e ./Drivers/STM32H7xx_HAL_Driver/stm32h7xx_hal_tim.o
                0x000000000800a65c                HAL_TIM_Base_Stop
 *fill*         0x000000000800a6aa        0x2 
 .text.HAL_TIM_Base_Start_IT
                0x000000000800a6ac       0xf0 ./Drivers/STM32H7xx_HAL_Driver/stm32h7xx_hal_tim.o
                0x000000000800a6ac                HAL_TIM_Base_Start_IT
 .text.HAL_TIM_IRQHandler
                0x000000000800a79c      0x23e ./Drivers/STM32H7xx_HAL_Driver/stm32h7xx_hal_tim.o
                0x000000000800a79c                HAL_TIM_IRQHandler
 *fill*         0x000000000800a9da        0x2 
 .text.HAL_TIM_ConfigClockSource
                0x000000000800a9dc      0x1f0 ./Drivers/STM32H7xx_HAL_Driver/stm32h7xx_hal_tim.o
                0x000000000800a9dc                HAL_TIM_ConfigClockSource
 .text.HAL_TIM_OC_DelayElapsedCallback
                0x000000000800abcc       0x14 ./Drivers/STM32H7xx_HAL_Driver/stm32h7xx_hal_tim.o
                0x000000000800abcc                HAL_TIM_OC_DelayElapsedCallback
 .text.HAL_TIM_IC_CaptureCallback
                0x000000000800abe0       0x14 ./Drivers/STM32H7xx_HAL_Driver/stm32h7xx_hal_tim.o
                0x000000000800abe0                HAL_TIM_IC_CaptureCallback
 .text.HAL_TIM_PWM_PulseFinishedCallback
                0x000000000800abf4       0x14 ./Drivers/STM32H7xx_HAL_Driver/stm32h7xx_hal_tim.o
                0x000000000800abf4                HAL_TIM_PWM_PulseFinishedCallback
 .text.HAL_TIM_TriggerCallback
                0x000000000800ac08       0x14 ./Drivers/STM32H7xx_HAL_Driver/stm32h7xx_hal_tim.o
                0x000000000800ac08                HAL_TIM_TriggerCallback
 .text.TIM_Base_SetConfig
                0x000000000800ac1c      0x134 ./Drivers/STM32H7xx_HAL_Driver/stm32h7xx_hal_tim.o
                0x000000000800ac1c                TIM_Base_SetConfig
 .text.TIM_TI1_ConfigInputStage
                0x000000000800ad50       0x5e ./Drivers/STM32H7xx_HAL_Driver/stm32h7xx_hal_tim.o
 .text.TIM_TI2_ConfigInputStage
                0x000000000800adae       0x60 ./Drivers/STM32H7xx_HAL_Driver/stm32h7xx_hal_tim.o
 *fill*         0x000000000800ae0e        0x2 
 .text.TIM_ITRx_SetConfig
                0x000000000800ae10       0x3c ./Drivers/STM32H7xx_HAL_Driver/stm32h7xx_hal_tim.o
 .text.TIM_ETR_SetConfig
                0x000000000800ae4c       0x40 ./Drivers/STM32H7xx_HAL_Driver/stm32h7xx_hal_tim.o
                0x000000000800ae4c                TIM_ETR_SetConfig
 .text.HAL_TIMEx_MasterConfigSynchronization
                0x000000000800ae8c      0x11c ./Drivers/STM32H7xx_HAL_Driver/stm32h7xx_hal_tim_ex.o
                0x000000000800ae8c                HAL_TIMEx_MasterConfigSynchronization
 .text.HAL_TIMEx_CommutCallback
                0x000000000800afa8       0x14 ./Drivers/STM32H7xx_HAL_Driver/stm32h7xx_hal_tim_ex.o
                0x000000000800afa8                HAL_TIMEx_CommutCallback
 .text.HAL_TIMEx_BreakCallback
                0x000000000800afbc       0x14 ./Drivers/STM32H7xx_HAL_Driver/stm32h7xx_hal_tim_ex.o
                0x000000000800afbc                HAL_TIMEx_BreakCallback
 .text.HAL_TIMEx_Break2Callback
                0x000000000800afd0       0x14 ./Drivers/STM32H7xx_HAL_Driver/stm32h7xx_hal_tim_ex.o
                0x000000000800afd0                HAL_TIMEx_Break2Callback
 .text.HAL_UART_Init
                0x000000000800afe4       0xa0 ./Drivers/STM32H7xx_HAL_Driver/stm32h7xx_hal_uart.o
                0x000000000800afe4                HAL_UART_Init
 .text.UART_SetConfig
                0x000000000800b084      0xac0 ./Drivers/STM32H7xx_HAL_Driver/stm32h7xx_hal_uart.o
                0x000000000800b084                UART_SetConfig
 .text.UART_AdvFeatureConfig
                0x000000000800bb44      0x144 ./Drivers/STM32H7xx_HAL_Driver/stm32h7xx_hal_uart.o
                0x000000000800bb44                UART_AdvFeatureConfig
 .text.UART_CheckIdleState
                0x000000000800bc88       0x96 ./Drivers/STM32H7xx_HAL_Driver/stm32h7xx_hal_uart.o
                0x000000000800bc88                UART_CheckIdleState
 .text.UART_WaitOnFlagUntilTimeout
                0x000000000800bd1e      0x190 ./Drivers/STM32H7xx_HAL_Driver/stm32h7xx_hal_uart.o
                0x000000000800bd1e                UART_WaitOnFlagUntilTimeout
 .text.HAL_UARTEx_DisableFifoMode
                0x000000000800beae       0x72 ./Drivers/STM32H7xx_HAL_Driver/stm32h7xx_hal_uart_ex.o
                0x000000000800beae                HAL_UARTEx_DisableFifoMode
 .text.HAL_UARTEx_SetTxFifoThreshold
                0x000000000800bf20       0x7c ./Drivers/STM32H7xx_HAL_Driver/stm32h7xx_hal_uart_ex.o
                0x000000000800bf20                HAL_UARTEx_SetTxFifoThreshold
 .text.HAL_UARTEx_SetRxFifoThreshold
                0x000000000800bf9c       0x7c ./Drivers/STM32H7xx_HAL_Driver/stm32h7xx_hal_uart_ex.o
                0x000000000800bf9c                HAL_UARTEx_SetRxFifoThreshold
 .text.UARTEx_SetNbDataToProcess
                0x000000000800c018       0x9c ./Drivers/STM32H7xx_HAL_Driver/stm32h7xx_hal_uart_ex.o
 .text.USB_CoreInit
                0x000000000800c0b4       0xdc ./Drivers/STM32H7xx_HAL_Driver/stm32h7xx_ll_usb.o
                0x000000000800c0b4                USB_CoreInit
 .text.USB_DisableGlobalInt
                0x000000000800c190       0x22 ./Drivers/STM32H7xx_HAL_Driver/stm32h7xx_ll_usb.o
                0x000000000800c190                USB_DisableGlobalInt
 .text.USB_SetCurrentMode
                0x000000000800c1b2       0x98 ./Drivers/STM32H7xx_HAL_Driver/stm32h7xx_ll_usb.o
                0x000000000800c1b2                USB_SetCurrentMode
 *fill*         0x000000000800c24a        0x2 
 .text.USB_DevInit
                0x000000000800c24c      0x2bc ./Drivers/STM32H7xx_HAL_Driver/stm32h7xx_ll_usb.o
                0x000000000800c24c                USB_DevInit
 .text.USB_FlushTxFifo
                0x000000000800c508       0x64 ./Drivers/STM32H7xx_HAL_Driver/stm32h7xx_ll_usb.o
                0x000000000800c508                USB_FlushTxFifo
 .text.USB_FlushRxFifo
                0x000000000800c56c       0x5c ./Drivers/STM32H7xx_HAL_Driver/stm32h7xx_ll_usb.o
                0x000000000800c56c                USB_FlushRxFifo
 .text.USB_SetDevSpeed
                0x000000000800c5c8       0x32 ./Drivers/STM32H7xx_HAL_Driver/stm32h7xx_ll_usb.o
                0x000000000800c5c8                USB_SetDevSpeed
 .text.USB_DevDisconnect
                0x000000000800c5fa       0x42 ./Drivers/STM32H7xx_HAL_Driver/stm32h7xx_ll_usb.o
                0x000000000800c5fa                USB_DevDisconnect
 .text.USB_GetMode
                0x000000000800c63c       0x1c ./Drivers/STM32H7xx_HAL_Driver/stm32h7xx_ll_usb.o
                0x000000000800c63c                USB_GetMode
 .text.USB_CoreReset
                0x000000000800c658       0x64 ./Drivers/STM32H7xx_HAL_Driver/stm32h7xx_ll_usb.o
 .text.__errno  0x000000000800c6bc        0xc c:/st/stm32cubeide_1.8.0/stm32cubeide/plugins/com.st.stm32cube.ide.mcu.externaltools.gnu-tools-for-stm32.9-2020-q2-update.win32_2.0.0.202105311346/tools/bin/../lib/gcc/arm-none-eabi/9.3.1/../../../../arm-none-eabi/lib/thumb/v7e-m+dp/hard\libc_nano.a(lib_a-errno.o)
                0x000000000800c6bc                __errno
 .text.__libc_init_array
                0x000000000800c6c8       0x48 c:/st/stm32cubeide_1.8.0/stm32cubeide/plugins/com.st.stm32cube.ide.mcu.externaltools.gnu-tools-for-stm32.9-2020-q2-update.win32_2.0.0.202105311346/tools/bin/../lib/gcc/arm-none-eabi/9.3.1/../../../../arm-none-eabi/lib/thumb/v7e-m+dp/hard\libc_nano.a(lib_a-init.o)
                0x000000000800c6c8                __libc_init_array
 .text.memset   0x000000000800c710       0x10 c:/st/stm32cubeide_1.8.0/stm32cubeide/plugins/com.st.stm32cube.ide.mcu.externaltools.gnu-tools-for-stm32.9-2020-q2-update.win32_2.0.0.202105311346/tools/bin/../lib/gcc/arm-none-eabi/9.3.1/../../../../arm-none-eabi/lib/thumb/v7e-m+dp/hard\libc_nano.a(lib_a-memset.o)
                0x000000000800c710                memset
 .text.sprintf  0x000000000800c720       0x40 c:/st/stm32cubeide_1.8.0/stm32cubeide/plugins/com.st.stm32cube.ide.mcu.externaltools.gnu-tools-for-stm32.9-2020-q2-update.win32_2.0.0.202105311346/tools/bin/../lib/gcc/arm-none-eabi/9.3.1/../../../../arm-none-eabi/lib/thumb/v7e-m+dp/hard\libc_nano.a(lib_a-sprintf.o)
                0x000000000800c720                siprintf
                0x000000000800c720                sprintf
 .text.__ssputs_r
                0x000000000800c760       0xb6 c:/st/stm32cubeide_1.8.0/stm32cubeide/plugins/com.st.stm32cube.ide.mcu.externaltools.gnu-tools-for-stm32.9-2020-q2-update.win32_2.0.0.202105311346/tools/bin/../lib/gcc/arm-none-eabi/9.3.1/../../../../arm-none-eabi/lib/thumb/v7e-m+dp/hard\libc_nano.a(lib_a-nano-svfprintf.o)
                0x000000000800c760                __ssputs_r
 *fill*         0x000000000800c816        0x2 
 .text._svfprintf_r
                0x000000000800c818      0x200 c:/st/stm32cubeide_1.8.0/stm32cubeide/plugins/com.st.stm32cube.ide.mcu.externaltools.gnu-tools-for-stm32.9-2020-q2-update.win32_2.0.0.202105311346/tools/bin/../lib/gcc/arm-none-eabi/9.3.1/../../../../arm-none-eabi/lib/thumb/v7e-m+dp/hard\libc_nano.a(lib_a-nano-svfprintf.o)
                0x000000000800c818                _svfiprintf_r
                0x000000000800c818                _svfprintf_r
 .text._printf_common
                0x000000000800ca18       0xda c:/st/stm32cubeide_1.8.0/stm32cubeide/plugins/com.st.stm32cube.ide.mcu.externaltools.gnu-tools-for-stm32.9-2020-q2-update.win32_2.0.0.202105311346/tools/bin/../lib/gcc/arm-none-eabi/9.3.1/../../../../arm-none-eabi/lib/thumb/v7e-m+dp/hard\libc_nano.a(lib_a-nano-vfprintf_i.o)
                0x000000000800ca18                _printf_common
 *fill*         0x000000000800caf2        0x2 
 .text._printf_i
                0x000000000800caf4      0x24c c:/st/stm32cubeide_1.8.0/stm32cubeide/plugins/com.st.stm32cube.ide.mcu.externaltools.gnu-tools-for-stm32.9-2020-q2-update.win32_2.0.0.202105311346/tools/bin/../lib/gcc/arm-none-eabi/9.3.1/../../../../arm-none-eabi/lib/thumb/v7e-m+dp/hard\libc_nano.a(lib_a-nano-vfprintf_i.o)
                0x000000000800caf4                _printf_i
 .text.memcpy   0x000000000800cd40       0x1c c:/st/stm32cubeide_1.8.0/stm32cubeide/plugins/com.st.stm32cube.ide.mcu.externaltools.gnu-tools-for-stm32.9-2020-q2-update.win32_2.0.0.202105311346/tools/bin/../lib/gcc/arm-none-eabi/9.3.1/../../../../arm-none-eabi/lib/thumb/v7e-m+dp/hard\libc_nano.a(lib_a-memcpy-stub.o)
                0x000000000800cd40                memcpy
 .text.memmove  0x000000000800cd5c       0x34 c:/st/stm32cubeide_1.8.0/stm32cubeide/plugins/com.st.stm32cube.ide.mcu.externaltools.gnu-tools-for-stm32.9-2020-q2-update.win32_2.0.0.202105311346/tools/bin/../lib/gcc/arm-none-eabi/9.3.1/../../../../arm-none-eabi/lib/thumb/v7e-m+dp/hard\libc_nano.a(lib_a-memmove.o)
                0x000000000800cd5c                memmove
 .text._free_r  0x000000000800cd90       0xa0 c:/st/stm32cubeide_1.8.0/stm32cubeide/plugins/com.st.stm32cube.ide.mcu.externaltools.gnu-tools-for-stm32.9-2020-q2-update.win32_2.0.0.202105311346/tools/bin/../lib/gcc/arm-none-eabi/9.3.1/../../../../arm-none-eabi/lib/thumb/v7e-m+dp/hard\libc_nano.a(lib_a-nano-freer.o)
                0x000000000800cd90                _free_r
 .text._malloc_r
                0x000000000800ce30       0xb4 c:/st/stm32cubeide_1.8.0/stm32cubeide/plugins/com.st.stm32cube.ide.mcu.externaltools.gnu-tools-for-stm32.9-2020-q2-update.win32_2.0.0.202105311346/tools/bin/../lib/gcc/arm-none-eabi/9.3.1/../../../../arm-none-eabi/lib/thumb/v7e-m+dp/hard\libc_nano.a(lib_a-nano-mallocr.o)
                0x000000000800ce30                _malloc_r
 .text._realloc_r
                0x000000000800cee4       0x4c c:/st/stm32cubeide_1.8.0/stm32cubeide/plugins/com.st.stm32cube.ide.mcu.externaltools.gnu-tools-for-stm32.9-2020-q2-update.win32_2.0.0.202105311346/tools/bin/../lib/gcc/arm-none-eabi/9.3.1/../../../../arm-none-eabi/lib/thumb/v7e-m+dp/hard\libc_nano.a(lib_a-nano-reallocr.o)
                0x000000000800cee4                _realloc_r
 .text._sbrk_r  0x000000000800cf30       0x20 c:/st/stm32cubeide_1.8.0/stm32cubeide/plugins/com.st.stm32cube.ide.mcu.externaltools.gnu-tools-for-stm32.9-2020-q2-update.win32_2.0.0.202105311346/tools/bin/../lib/gcc/arm-none-eabi/9.3.1/../../../../arm-none-eabi/lib/thumb/v7e-m+dp/hard\libc_nano.a(lib_a-sbrkr.o)
                0x000000000800cf30                _sbrk_r
 .text.__malloc_lock
                0x000000000800cf50        0xc c:/st/stm32cubeide_1.8.0/stm32cubeide/plugins/com.st.stm32cube.ide.mcu.externaltools.gnu-tools-for-stm32.9-2020-q2-update.win32_2.0.0.202105311346/tools/bin/../lib/gcc/arm-none-eabi/9.3.1/../../../../arm-none-eabi/lib/thumb/v7e-m+dp/hard\libc_nano.a(lib_a-mlock.o)
                0x000000000800cf50                __malloc_lock
 .text.__malloc_unlock
                0x000000000800cf5c        0xc c:/st/stm32cubeide_1.8.0/stm32cubeide/plugins/com.st.stm32cube.ide.mcu.externaltools.gnu-tools-for-stm32.9-2020-q2-update.win32_2.0.0.202105311346/tools/bin/../lib/gcc/arm-none-eabi/9.3.1/../../../../arm-none-eabi/lib/thumb/v7e-m+dp/hard\libc_nano.a(lib_a-mlock.o)
                0x000000000800cf5c                __malloc_unlock
 .text._malloc_usable_size_r
                0x000000000800cf68       0x10 c:/st/stm32cubeide_1.8.0/stm32cubeide/plugins/com.st.stm32cube.ide.mcu.externaltools.gnu-tools-for-stm32.9-2020-q2-update.win32_2.0.0.202105311346/tools/bin/../lib/gcc/arm-none-eabi/9.3.1/../../../../arm-none-eabi/lib/thumb/v7e-m+dp/hard\libc_nano.a(lib_a-nano-msizer.o)
                0x000000000800cf68                _malloc_usable_size_r
 .text.__retarget_lock_acquire_recursive
                0x000000000800cf78        0x2 c:/st/stm32cubeide_1.8.0/stm32cubeide/plugins/com.st.stm32cube.ide.mcu.externaltools.gnu-tools-for-stm32.9-2020-q2-update.win32_2.0.0.202105311346/tools/bin/../lib/gcc/arm-none-eabi/9.3.1/../../../../arm-none-eabi/lib/thumb/v7e-m+dp/hard\libc_nano.a(lib_a-lock.o)
                0x000000000800cf78                __retarget_lock_acquire_recursive
 .text.__retarget_lock_release_recursive
                0x000000000800cf7a        0x2 c:/st/stm32cubeide_1.8.0/stm32cubeide/plugins/com.st.stm32cube.ide.mcu.externaltools.gnu-tools-for-stm32.9-2020-q2-update.win32_2.0.0.202105311346/tools/bin/../lib/gcc/arm-none-eabi/9.3.1/../../../../arm-none-eabi/lib/thumb/v7e-m+dp/hard\libc_nano.a(lib_a-lock.o)
                0x000000000800cf7a                __retarget_lock_release_recursive
 *(.glue_7)
 .glue_7        0x000000000800cf7c        0x0 linker stubs
 *(.glue_7t)
 .glue_7t       0x000000000800cf7c        0x0 linker stubs
 *(.eh_frame)
 .eh_frame      0x000000000800cf7c        0x0 c:/st/stm32cubeide_1.8.0/stm32cubeide/plugins/com.st.stm32cube.ide.mcu.externaltools.gnu-tools-for-stm32.9-2020-q2-update.win32_2.0.0.202105311346/tools/bin/../lib/gcc/arm-none-eabi/9.3.1/thumb/v7e-m+dp/hard/crtbegin.o
 *(.init)
 .init          0x000000000800cf7c        0x4 c:/st/stm32cubeide_1.8.0/stm32cubeide/plugins/com.st.stm32cube.ide.mcu.externaltools.gnu-tools-for-stm32.9-2020-q2-update.win32_2.0.0.202105311346/tools/bin/../lib/gcc/arm-none-eabi/9.3.1/thumb/v7e-m+dp/hard/crti.o
                0x000000000800cf7c                _init
 .init          0x000000000800cf80        0x8 c:/st/stm32cubeide_1.8.0/stm32cubeide/plugins/com.st.stm32cube.ide.mcu.externaltools.gnu-tools-for-stm32.9-2020-q2-update.win32_2.0.0.202105311346/tools/bin/../lib/gcc/arm-none-eabi/9.3.1/thumb/v7e-m+dp/hard/crtn.o
 *(.fini)
 .fini          0x000000000800cf88        0x4 c:/st/stm32cubeide_1.8.0/stm32cubeide/plugins/com.st.stm32cube.ide.mcu.externaltools.gnu-tools-for-stm32.9-2020-q2-update.win32_2.0.0.202105311346/tools/bin/../lib/gcc/arm-none-eabi/9.3.1/thumb/v7e-m+dp/hard/crti.o
                0x000000000800cf88                _fini
 .fini          0x000000000800cf8c        0x8 c:/st/stm32cubeide_1.8.0/stm32cubeide/plugins/com.st.stm32cube.ide.mcu.externaltools.gnu-tools-for-stm32.9-2020-q2-update.win32_2.0.0.202105311346/tools/bin/../lib/gcc/arm-none-eabi/9.3.1/thumb/v7e-m+dp/hard/crtn.o
                0x000000000800cf94                . = ALIGN (0x4)
                0x000000000800cf94                _etext = .

.vfp11_veneer   0x000000000800cf94        0x0
 .vfp11_veneer  0x000000000800cf94        0x0 linker stubs

.v4_bx          0x000000000800cf94        0x0
 .v4_bx         0x000000000800cf94        0x0 linker stubs

.iplt           0x000000000800cf94        0x0
 .iplt          0x000000000800cf94        0x0 c:/st/stm32cubeide_1.8.0/stm32cubeide/plugins/com.st.stm32cube.ide.mcu.externaltools.gnu-tools-for-stm32.9-2020-q2-update.win32_2.0.0.202105311346/tools/bin/../lib/gcc/arm-none-eabi/9.3.1/thumb/v7e-m+dp/hard/crtbegin.o

.rodata         0x000000000800cf94       0x78
                0x000000000800cf94                . = ALIGN (0x4)
 *(.rodata)
 .rodata        0x000000000800cf94        0x3 ./Core/Src/main.o
 *(.rodata*)
 *fill*         0x000000000800cf97        0x1 
 .rodata.D1CorePrescTable
                0x000000000800cf98       0x10 ./Common/Src/system_stm32h7xx_dualcore_boot_cm4_cm7.o
                0x000000000800cf98                D1CorePrescTable
 .rodata.flagBitshiftOffset.11987
                0x000000000800cfa8        0x8 ./Drivers/STM32H7xx_HAL_Driver/stm32h7xx_hal_dma.o
 .rodata.UARTPrescTable
                0x000000000800cfb0       0x18 ./Drivers/STM32H7xx_HAL_Driver/stm32h7xx_hal_uart.o
                0x000000000800cfb0                UARTPrescTable
 .rodata.numerator.11954
                0x000000000800cfc8        0x8 ./Drivers/STM32H7xx_HAL_Driver/stm32h7xx_hal_uart_ex.o
 .rodata.denominator.11955
                0x000000000800cfd0        0x8 ./Drivers/STM32H7xx_HAL_Driver/stm32h7xx_hal_uart_ex.o
 .rodata._svfprintf_r.str1.1
                0x000000000800cfd8       0x11 c:/st/stm32cubeide_1.8.0/stm32cubeide/plugins/com.st.stm32cube.ide.mcu.externaltools.gnu-tools-for-stm32.9-2020-q2-update.win32_2.0.0.202105311346/tools/bin/../lib/gcc/arm-none-eabi/9.3.1/../../../../arm-none-eabi/lib/thumb/v7e-m+dp/hard\libc_nano.a(lib_a-nano-svfprintf.o)
 .rodata._printf_i.str1.1
                0x000000000800cfe9       0x22 c:/st/stm32cubeide_1.8.0/stm32cubeide/plugins/com.st.stm32cube.ide.mcu.externaltools.gnu-tools-for-stm32.9-2020-q2-update.win32_2.0.0.202105311346/tools/bin/../lib/gcc/arm-none-eabi/9.3.1/../../../../arm-none-eabi/lib/thumb/v7e-m+dp/hard\libc_nano.a(lib_a-nano-vfprintf_i.o)
                0x000000000800d00c                . = ALIGN (0x4)
 *fill*         0x000000000800d00b        0x1 

.ARM.extab      0x000000000800d00c        0x0
                0x000000000800d00c                . = ALIGN (0x4)
 *(.ARM.extab* .gnu.linkonce.armextab.*)
                0x000000000800d00c                . = ALIGN (0x4)

.ARM            0x000000000800d00c        0x8
                0x000000000800d00c                . = ALIGN (0x4)
                0x000000000800d00c                __exidx_start = .
 *(.ARM.exidx*)
 .ARM.exidx     0x000000000800d00c        0x8 c:/st/stm32cubeide_1.8.0/stm32cubeide/plugins/com.st.stm32cube.ide.mcu.externaltools.gnu-tools-for-stm32.9-2020-q2-update.win32_2.0.0.202105311346/tools/bin/../lib/gcc/arm-none-eabi/9.3.1/thumb/v7e-m+dp/hard\libgcc.a(_udivmoddi4.o)
                0x000000000800d014                __exidx_end = .
                0x000000000800d014                . = ALIGN (0x4)

.rel.dyn        0x000000000800d014        0x0
 .rel.iplt      0x000000000800d014        0x0 c:/st/stm32cubeide_1.8.0/stm32cubeide/plugins/com.st.stm32cube.ide.mcu.externaltools.gnu-tools-for-stm32.9-2020-q2-update.win32_2.0.0.202105311346/tools/bin/../lib/gcc/arm-none-eabi/9.3.1/thumb/v7e-m+dp/hard/crtbegin.o

.preinit_array  0x000000000800d014        0x0
                0x000000000800d014                . = ALIGN (0x4)
                0x000000000800d014                PROVIDE (__preinit_array_start = .)
 *(.preinit_array*)
                0x000000000800d014                PROVIDE (__preinit_array_end = .)
                0x000000000800d014                . = ALIGN (0x4)

.init_array     0x000000000800d014        0x4
                0x000000000800d014                . = ALIGN (0x4)
                0x000000000800d014                PROVIDE (__init_array_start = .)
 *(SORT_BY_NAME(.init_array.*))
 *(.init_array*)
 .init_array    0x000000000800d014        0x4 c:/st/stm32cubeide_1.8.0/stm32cubeide/plugins/com.st.stm32cube.ide.mcu.externaltools.gnu-tools-for-stm32.9-2020-q2-update.win32_2.0.0.202105311346/tools/bin/../lib/gcc/arm-none-eabi/9.3.1/thumb/v7e-m+dp/hard/crtbegin.o
                0x000000000800d018                PROVIDE (__init_array_end = .)
                0x000000000800d018                . = ALIGN (0x4)

.fini_array     0x000000000800d018        0x4
                0x000000000800d018                . = ALIGN (0x4)
                [!provide]                        PROVIDE (__fini_array_start = .)
 *(SORT_BY_NAME(.fini_array.*))
 *(.fini_array*)
 .fini_array    0x000000000800d018        0x4 c:/st/stm32cubeide_1.8.0/stm32cubeide/plugins/com.st.stm32cube.ide.mcu.externaltools.gnu-tools-for-stm32.9-2020-q2-update.win32_2.0.0.202105311346/tools/bin/../lib/gcc/arm-none-eabi/9.3.1/thumb/v7e-m+dp/hard/crtbegin.o
                [!provide]                        PROVIDE (__fini_array_end = .)
                0x000000000800d01c                . = ALIGN (0x4)
                0x000000000800d01c                _sidata = LOADADDR (.data)

.data           0x0000000024000000    0x47c08 load address 0x000000000800d01c
                0x0000000024000000                . = ALIGN (0x4)
                0x0000000024000000                _sdata = .
 *(.data)
 *(.data*)
 .data.SystemCoreClock
                0x0000000024000000        0x4 ./Common/Src/system_stm32h7xx_dualcore_boot_cm4_cm7.o
                0x0000000024000000                SystemCoreClock
 .data.SystemD2Clock
                0x0000000024000004        0x4 ./Common/Src/system_stm32h7xx_dualcore_boot_cm4_cm7.o
                0x0000000024000004                SystemD2Clock
 .data.now      0x0000000024000008        0x1 ./Core/Src/main.o
                0x0000000024000008                now
 *fill*         0x0000000024000009        0x3 
 .data.LCDsetup
                0x000000002400000c       0x10 ./Core/Src/main.o
                0x000000002400000c                LCDsetup
 .data.Zero_mf  0x000000002400001c     0x1680 ./Core/Src/main.o
                0x000000002400001c                Zero_mf
 .data.One_mf   0x000000002400169c     0x1680 ./Core/Src/main.o
                0x000000002400169c                One_mf
 .data.Two_mf   0x0000000024002d1c     0x1680 ./Core/Src/main.o
                0x0000000024002d1c                Two_mf
 .data.Three_mf
                0x000000002400439c     0x1680 ./Core/Src/main.o
                0x000000002400439c                Three_mf
 .data.Four_mf  0x0000000024005a1c     0x1680 ./Core/Src/main.o
                0x0000000024005a1c                Four_mf
 .data.Five_mf  0x000000002400709c     0x1680 ./Core/Src/main.o
                0x000000002400709c                Five_mf
 .data.six_mf   0x000000002400871c     0x1680 ./Core/Src/main.o
                0x000000002400871c                six_mf
 .data.seven_mf
                0x0000000024009d9c     0x1680 ./Core/Src/main.o
                0x0000000024009d9c                seven_mf
 .data.egg_mf   0x000000002400b41c     0x1680 ./Core/Src/main.o
                0x000000002400b41c                egg_mf
 .data.nine_mf  0x000000002400ca9c     0x1680 ./Core/Src/main.o
                0x000000002400ca9c                nine_mf
 .data.Zero_sf  0x000000002400e11c     0x1680 ./Core/Src/main.o
                0x000000002400e11c                Zero_sf
 .data.One_sf   0x000000002400f79c     0x1680 ./Core/Src/main.o
                0x000000002400f79c                One_sf
 .data.Two_sf   0x0000000024010e1c     0x1680 ./Core/Src/main.o
                0x0000000024010e1c                Two_sf
 .data.Three_sf
                0x000000002401249c     0x1680 ./Core/Src/main.o
                0x000000002401249c                Three_sf
 .data.Four_sf  0x0000000024013b1c     0x1680 ./Core/Src/main.o
                0x0000000024013b1c                Four_sf
 .data.Five_sf  0x000000002401519c     0x1680 ./Core/Src/main.o
                0x000000002401519c                Five_sf
 .data.six_sf   0x000000002401681c     0x1680 ./Core/Src/main.o
                0x000000002401681c                six_sf
 .data.seven_sf
                0x0000000024017e9c     0x1680 ./Core/Src/main.o
                0x0000000024017e9c                seven_sf
 .data.egg_sf   0x000000002401951c     0x1680 ./Core/Src/main.o
                0x000000002401951c                egg_sf
 .data.nine_sf  0x000000002401ab9c     0x1680 ./Core/Src/main.o
                0x000000002401ab9c                nine_sf
 .data.dot_Zero
                0x000000002401c21c     0x1680 ./Core/Src/main.o
                0x000000002401c21c                dot_Zero
 .data.dot_One  0x000000002401d89c     0x1680 ./Core/Src/main.o
                0x000000002401d89c                dot_One
 .data.dot_Two  0x000000002401ef1c     0x1680 ./Core/Src/main.o
                0x000000002401ef1c                dot_Two
 .data.dot_Three
                0x000000002402059c     0x1680 ./Core/Src/main.o
                0x000000002402059c                dot_Three
 .data.dot_Four
                0x0000000024021c1c     0x1680 ./Core/Src/main.o
                0x0000000024021c1c                dot_Four
 .data.dot_Five
                0x000000002402329c     0x1680 ./Core/Src/main.o
                0x000000002402329c                dot_Five
 .data.dot_Six  0x000000002402491c     0x1680 ./Core/Src/main.o
                0x000000002402491c                dot_Six
 .data.dot_Seven
                0x0000000024025f9c     0x1680 ./Core/Src/main.o
                0x0000000024025f9c                dot_Seven
 .data.dot_Egg  0x000000002402761c     0x1680 ./Core/Src/main.o
                0x000000002402761c                dot_Egg
 .data.dot_Nine
                0x0000000024028c9c     0x1680 ./Core/Src/main.o
                0x0000000024028c9c                dot_Nine
 .data.C_Zero   0x000000002402a31c     0x1680 ./Core/Src/main.o
                0x000000002402a31c                C_Zero
 .data.C_One    0x000000002402b99c     0x1680 ./Core/Src/main.o
                0x000000002402b99c                C_One
 .data.C_Two    0x000000002402d01c     0x1680 ./Core/Src/main.o
                0x000000002402d01c                C_Two
 .data.C_Three  0x000000002402e69c     0x1680 ./Core/Src/main.o
                0x000000002402e69c                C_Three
 .data.C_Four   0x000000002402fd1c     0x1680 ./Core/Src/main.o
                0x000000002402fd1c                C_Four
 .data.C_Five   0x000000002403139c     0x1680 ./Core/Src/main.o
                0x000000002403139c                C_Five
 .data.C_Six    0x0000000024032a1c     0x1680 ./Core/Src/main.o
                0x0000000024032a1c                C_Six
 .data.C_Seven  0x000000002403409c     0x1680 ./Core/Src/main.o
                0x000000002403409c                C_Seven
 .data.C_Egg    0x000000002403571c     0x1680 ./Core/Src/main.o
                0x000000002403571c                C_Egg
 .data.C_Nine   0x0000000024036d9c     0x1680 ./Core/Src/main.o
                0x0000000024036d9c                C_Nine
 .data.RH_Zero  0x000000002403841c     0x1680 ./Core/Src/main.o
                0x000000002403841c                RH_Zero
 .data.RH_One   0x0000000024039a9c     0x1680 ./Core/Src/main.o
                0x0000000024039a9c                RH_One
 .data.RH_Two   0x000000002403b11c     0x1680 ./Core/Src/main.o
                0x000000002403b11c                RH_Two
 .data.RH_Three
                0x000000002403c79c     0x1680 ./Core/Src/main.o
                0x000000002403c79c                RH_Three
 .data.RH_Four  0x000000002403de1c     0x1680 ./Core/Src/main.o
                0x000000002403de1c                RH_Four
 .data.RH_Five  0x000000002403f49c     0x1680 ./Core/Src/main.o
                0x000000002403f49c                RH_Five
 .data.RH_Six   0x0000000024040b1c     0x1680 ./Core/Src/main.o
                0x0000000024040b1c                RH_Six
 .data.RH_Seven
                0x000000002404219c     0x1680 ./Core/Src/main.o
                0x000000002404219c                RH_Seven
 .data.RH_Egg   0x000000002404381c     0x1680 ./Core/Src/main.o
                0x000000002404381c                RH_Egg
 .data.RH_Nine  0x0000000024044e9c     0x1680 ./Core/Src/main.o
                0x0000000024044e9c                RH_Nine
 .data.minusT   0x000000002404651c     0x1680 ./Core/Src/main.o
                0x000000002404651c                minusT
 .data.uwTickPrio
                0x0000000024047b9c        0x4 ./Drivers/STM32H7xx_HAL_Driver/stm32h7xx_hal.o
                0x0000000024047b9c                uwTickPrio
 .data.uwTickFreq
                0x0000000024047ba0        0x1 ./Drivers/STM32H7xx_HAL_Driver/stm32h7xx_hal.o
                0x0000000024047ba0                uwTickFreq
 *fill*         0x0000000024047ba1        0x3 
 .data._impure_ptr
                0x0000000024047ba4        0x4 c:/st/stm32cubeide_1.8.0/stm32cubeide/plugins/com.st.stm32cube.ide.mcu.externaltools.gnu-tools-for-stm32.9-2020-q2-update.win32_2.0.0.202105311346/tools/bin/../lib/gcc/arm-none-eabi/9.3.1/../../../../arm-none-eabi/lib/thumb/v7e-m+dp/hard\libc_nano.a(lib_a-impure.o)
                0x0000000024047ba4                _impure_ptr
 .data.impure_data
                0x0000000024047ba8       0x60 c:/st/stm32cubeide_1.8.0/stm32cubeide/plugins/com.st.stm32cube.ide.mcu.externaltools.gnu-tools-for-stm32.9-2020-q2-update.win32_2.0.0.202105311346/tools/bin/../lib/gcc/arm-none-eabi/9.3.1/../../../../arm-none-eabi/lib/thumb/v7e-m+dp/hard\libc_nano.a(lib_a-impure.o)
 *(.RamFunc)
 *(.RamFunc*)
                0x0000000024047c08                . = ALIGN (0x4)
                0x0000000024047c08                _edata = .

.igot.plt       0x0000000024047c08        0x0 load address 0x0000000008054c24
 .igot.plt      0x0000000024047c08        0x0 c:/st/stm32cubeide_1.8.0/stm32cubeide/plugins/com.st.stm32cube.ide.mcu.externaltools.gnu-tools-for-stm32.9-2020-q2-update.win32_2.0.0.202105311346/tools/bin/../lib/gcc/arm-none-eabi/9.3.1/thumb/v7e-m+dp/hard/crtbegin.o

.RxDecripSection
                0x0000000024047c08       0x60 load address 0x0000000008054c24
 .RxDecripSection
                0x0000000024047c08       0x60 ./Core/Src/main.o
                0x0000000024047c08                DMARxDscrTab

.TxDecripSection
                0x0000000024047c68       0x60 load address 0x0000000008054c84
 .TxDecripSection
                0x0000000024047c68       0x60 ./Core/Src/main.o
                0x0000000024047c68                DMATxDscrTab
                0x0000000024047cc8                . = ALIGN (0x4)

.bss            0x0000000024047cc8     0xc878 load address 0x0000000008054ce4
                0x0000000024047cc8                _sbss = .
                0x0000000024047cc8                __bss_start__ = _sbss
 *(.bss)
 .bss           0x0000000024047cc8       0x1c c:/st/stm32cubeide_1.8.0/stm32cubeide/plugins/com.st.stm32cube.ide.mcu.externaltools.gnu-tools-for-stm32.9-2020-q2-update.win32_2.0.0.202105311346/tools/bin/../lib/gcc/arm-none-eabi/9.3.1/thumb/v7e-m+dp/hard/crtbegin.o
 *(.bss*)
 .bss.flag      0x0000000024047ce4        0x1 ./Core/Src/main.o
                0x0000000024047ce4                flag
 *fill*         0x0000000024047ce5        0x3 
 .bss.value     0x0000000024047ce8        0x8 ./Core/Src/main.o
                0x0000000024047ce8                value
 .bss.pre       0x0000000024047cf0        0x1 ./Core/Src/main.o
                0x0000000024047cf0                pre
 *fill*         0x0000000024047cf1        0x7 
 .bss._micross  0x0000000024047cf8        0x8 ./Core/Src/main.o
                0x0000000024047cf8                _micross
 .bss.Frame     0x0000000024047d00     0xc000 ./Core/Src/main.o
                0x0000000024047d00                Frame
 .bss.bufferT   0x0000000024053d00       0x40 ./Core/Src/main.o
                0x0000000024053d00                bufferT
 .bss.bufferRH  0x0000000024053d40       0x40 ./Core/Src/main.o
                0x0000000024053d40                bufferRH
 .bss.humidity  0x0000000024053d80        0x2 ./Core/Src/main.o
                0x0000000024053d80                humidity
 .bss.temp      0x0000000024053d82        0x2 ./Core/Src/main.o
                0x0000000024053d82                temp
 .bss.sum       0x0000000024053d84        0x1 ./Core/Src/main.o
                0x0000000024053d84                sum
 .bss.realsum   0x0000000024053d85        0x1 ./Core/Src/main.o
                0x0000000024053d85                realsum
 *fill*         0x0000000024053d86        0x2 
 .bss.realtemp  0x0000000024053d88        0x4 ./Core/Src/main.o
                0x0000000024053d88                realtemp
 .bss.realhumidity
                0x0000000024053d8c        0x4 ./Core/Src/main.o
                0x0000000024053d8c                realhumidity
 .bss.flagMinus
                0x0000000024053d90        0x1 ./Core/Src/main.o
                0x0000000024053d90                flagMinus
 .bss.Cno       0x0000000024053d91        0x1 ./Core/Src/main.o
                0x0000000024053d91                Cno
 *fill*         0x0000000024053d92        0x2 
 .bss.MACAddr.12186
                0x0000000024053d94        0x6 ./Core/Src/main.o
 *fill*         0x0000000024053d9a        0x2 
 .bss.__sbrk_heap_end
                0x0000000024053d9c        0x4 ./Core/Src/sysmem.o
 .bss.__malloc_free_list
                0x0000000024053da0        0x4 c:/st/stm32cubeide_1.8.0/stm32cubeide/plugins/com.st.stm32cube.ide.mcu.externaltools.gnu-tools-for-stm32.9-2020-q2-update.win32_2.0.0.202105311346/tools/bin/../lib/gcc/arm-none-eabi/9.3.1/../../../../arm-none-eabi/lib/thumb/v7e-m+dp/hard\libc_nano.a(lib_a-nano-mallocr.o)
                0x0000000024053da0                __malloc_free_list
 .bss.__malloc_sbrk_start
                0x0000000024053da4        0x4 c:/st/stm32cubeide_1.8.0/stm32cubeide/plugins/com.st.stm32cube.ide.mcu.externaltools.gnu-tools-for-stm32.9-2020-q2-update.win32_2.0.0.202105311346/tools/bin/../lib/gcc/arm-none-eabi/9.3.1/../../../../arm-none-eabi/lib/thumb/v7e-m+dp/hard\libc_nano.a(lib_a-nano-mallocr.o)
                0x0000000024053da4                __malloc_sbrk_start
 *(COMMON)
 COMMON         0x0000000024053da8      0x784 ./Core/Src/main.o
                0x0000000024053da8                huart3
                0x0000000024053e38                htim15
                0x0000000024053e84                hpcd_USB_OTG_FS
                0x000000002405428c                htim5
                0x00000000240542d8                htim3
                0x0000000024054324                hspi1
                0x00000000240543ac                htim2
                0x00000000240543f8                heth
                0x0000000024054480                TxConfig
                0x00000000240544b4                hdma_spi1_tx
 COMMON         0x000000002405452c        0x4 ./Drivers/STM32H7xx_HAL_Driver/stm32h7xx_hal.o
                0x000000002405452c                uwTick
 COMMON         0x0000000024054530        0x4 c:/st/stm32cubeide_1.8.0/stm32cubeide/plugins/com.st.stm32cube.ide.mcu.externaltools.gnu-tools-for-stm32.9-2020-q2-update.win32_2.0.0.202105311346/tools/bin/../lib/gcc/arm-none-eabi/9.3.1/../../../../arm-none-eabi/lib/thumb/v7e-m+dp/hard\libc_nano.a(lib_a-reent.o)
                0x0000000024054530                errno
 COMMON         0x0000000024054534        0x9 c:/st/stm32cubeide_1.8.0/stm32cubeide/plugins/com.st.stm32cube.ide.mcu.externaltools.gnu-tools-for-stm32.9-2020-q2-update.win32_2.0.0.202105311346/tools/bin/../lib/gcc/arm-none-eabi/9.3.1/../../../../arm-none-eabi/lib/thumb/v7e-m+dp/hard\libc_nano.a(lib_a-lock.o)
                0x0000000024054534                __lock___atexit_recursive_mutex
                0x0000000024054535                __lock___arc4random_mutex
                0x0000000024054536                __lock___env_recursive_mutex
                0x0000000024054537                __lock___sinit_recursive_mutex
                0x0000000024054538                __lock___malloc_recursive_mutex
                0x0000000024054539                __lock___at_quick_exit_mutex
                0x000000002405453a                __lock___dd_hash_mutex
                0x000000002405453b                __lock___tz_mutex
                0x000000002405453c                __lock___sfp_recursive_mutex
                0x0000000024054540                . = ALIGN (0x4)
 *fill*         0x000000002405453d        0x3 
                0x0000000024054540                _ebss = .
                0x0000000024054540                __bss_end__ = _ebss

._user_heap_stack
                0x0000000024054540      0x600 load address 0x0000000008054ce4
                0x0000000024054540                . = ALIGN (0x8)
                [!provide]                        PROVIDE (end = .)
                0x0000000024054540                PROVIDE (_end = .)
                0x0000000024054740                . = (. + _Min_Heap_Size)
 *fill*         0x0000000024054540      0x200 
                0x0000000024054b40                . = (. + _Min_Stack_Size)
 *fill*         0x0000000024054740      0x400 
                0x0000000024054b40                . = ALIGN (0x8)

/DISCARD/
 libc.a(*)
 libm.a(*)
 libgcc.a(*)

.ARM.attributes
                0x0000000000000000       0x2e
 *(.ARM.attributes)
 .ARM.attributes
                0x0000000000000000       0x1e c:/st/stm32cubeide_1.8.0/stm32cubeide/plugins/com.st.stm32cube.ide.mcu.externaltools.gnu-tools-for-stm32.9-2020-q2-update.win32_2.0.0.202105311346/tools/bin/../lib/gcc/arm-none-eabi/9.3.1/thumb/v7e-m+dp/hard/crti.o
 .ARM.attributes
                0x000000000000001e       0x32 c:/st/stm32cubeide_1.8.0/stm32cubeide/plugins/com.st.stm32cube.ide.mcu.externaltools.gnu-tools-for-stm32.9-2020-q2-update.win32_2.0.0.202105311346/tools/bin/../lib/gcc/arm-none-eabi/9.3.1/thumb/v7e-m+dp/hard/crtbegin.o
 .ARM.attributes
                0x0000000000000050       0x32 ./Common/Src/system_stm32h7xx_dualcore_boot_cm4_cm7.o
 .ARM.attributes
                0x0000000000000082       0x32 ./Core/Src/main.o
 .ARM.attributes
                0x00000000000000b4       0x32 ./Core/Src/stm32h7xx_hal_msp.o
 .ARM.attributes
                0x00000000000000e6       0x32 ./Core/Src/stm32h7xx_it.o
 .ARM.attributes
                0x0000000000000118       0x32 ./Core/Src/sysmem.o
 .ARM.attributes
                0x000000000000014a       0x21 ./Core/Startup/startup_stm32h745zitx.o
 .ARM.attributes
                0x000000000000016b       0x32 ./Drivers/STM32H7xx_HAL_Driver/stm32h7xx_hal.o
 .ARM.attributes
                0x000000000000019d       0x32 ./Drivers/STM32H7xx_HAL_Driver/stm32h7xx_hal_cortex.o
 .ARM.attributes
                0x00000000000001cf       0x32 ./Drivers/STM32H7xx_HAL_Driver/stm32h7xx_hal_dma.o
 .ARM.attributes
                0x0000000000000201       0x32 ./Drivers/STM32H7xx_HAL_Driver/stm32h7xx_hal_eth.o
 .ARM.attributes
                0x0000000000000233       0x32 ./Drivers/STM32H7xx_HAL_Driver/stm32h7xx_hal_gpio.o
 .ARM.attributes
                0x0000000000000265       0x32 ./Drivers/STM32H7xx_HAL_Driver/stm32h7xx_hal_hsem.o
 .ARM.attributes
                0x0000000000000297       0x32 ./Drivers/STM32H7xx_HAL_Driver/stm32h7xx_hal_pcd.o
 .ARM.attributes
                0x00000000000002c9       0x32 ./Drivers/STM32H7xx_HAL_Driver/stm32h7xx_hal_pcd_ex.o
 .ARM.attributes
                0x00000000000002fb       0x32 ./Drivers/STM32H7xx_HAL_Driver/stm32h7xx_hal_pwr_ex.o
 .ARM.attributes
                0x000000000000032d       0x32 ./Drivers/STM32H7xx_HAL_Driver/stm32h7xx_hal_rcc.o
 .ARM.attributes
                0x000000000000035f       0x32 ./Drivers/STM32H7xx_HAL_Driver/stm32h7xx_hal_rcc_ex.o
 .ARM.attributes
                0x0000000000000391       0x32 ./Drivers/STM32H7xx_HAL_Driver/stm32h7xx_hal_spi.o
 .ARM.attributes
                0x00000000000003c3       0x32 ./Drivers/STM32H7xx_HAL_Driver/stm32h7xx_hal_tim.o
 .ARM.attributes
                0x00000000000003f5       0x32 ./Drivers/STM32H7xx_HAL_Driver/stm32h7xx_hal_tim_ex.o
 .ARM.attributes
                0x0000000000000427       0x32 ./Drivers/STM32H7xx_HAL_Driver/stm32h7xx_hal_uart.o
 .ARM.attributes
                0x0000000000000459       0x32 ./Drivers/STM32H7xx_HAL_Driver/stm32h7xx_hal_uart_ex.o
 .ARM.attributes
                0x000000000000048b       0x32 ./Drivers/STM32H7xx_HAL_Driver/stm32h7xx_ll_usb.o
 .ARM.attributes
                0x00000000000004bd       0x32 c:/st/stm32cubeide_1.8.0/stm32cubeide/plugins/com.st.stm32cube.ide.mcu.externaltools.gnu-tools-for-stm32.9-2020-q2-update.win32_2.0.0.202105311346/tools/bin/../lib/gcc/arm-none-eabi/9.3.1/../../../../arm-none-eabi/lib/thumb/v7e-m+dp/hard\libc_nano.a(lib_a-errno.o)
 .ARM.attributes
                0x00000000000004ef       0x30 c:/st/stm32cubeide_1.8.0/stm32cubeide/plugins/com.st.stm32cube.ide.mcu.externaltools.gnu-tools-for-stm32.9-2020-q2-update.win32_2.0.0.202105311346/tools/bin/../lib/gcc/arm-none-eabi/9.3.1/../../../../arm-none-eabi/lib/thumb/v7e-m+dp/hard\libc_nano.a(lib_a-impure.o)
 .ARM.attributes
                0x000000000000051f       0x32 c:/st/stm32cubeide_1.8.0/stm32cubeide/plugins/com.st.stm32cube.ide.mcu.externaltools.gnu-tools-for-stm32.9-2020-q2-update.win32_2.0.0.202105311346/tools/bin/../lib/gcc/arm-none-eabi/9.3.1/../../../../arm-none-eabi/lib/thumb/v7e-m+dp/hard\libc_nano.a(lib_a-init.o)
 .ARM.attributes
                0x0000000000000551       0x32 c:/st/stm32cubeide_1.8.0/stm32cubeide/plugins/com.st.stm32cube.ide.mcu.externaltools.gnu-tools-for-stm32.9-2020-q2-update.win32_2.0.0.202105311346/tools/bin/../lib/gcc/arm-none-eabi/9.3.1/../../../../arm-none-eabi/lib/thumb/v7e-m+dp/hard\libc_nano.a(lib_a-memset.o)
 .ARM.attributes
                0x0000000000000583       0x32 c:/st/stm32cubeide_1.8.0/stm32cubeide/plugins/com.st.stm32cube.ide.mcu.externaltools.gnu-tools-for-stm32.9-2020-q2-update.win32_2.0.0.202105311346/tools/bin/../lib/gcc/arm-none-eabi/9.3.1/../../../../arm-none-eabi/lib/thumb/v7e-m+dp/hard\libc_nano.a(lib_a-sprintf.o)
 .ARM.attributes
                0x00000000000005b5       0x32 c:/st/stm32cubeide_1.8.0/stm32cubeide/plugins/com.st.stm32cube.ide.mcu.externaltools.gnu-tools-for-stm32.9-2020-q2-update.win32_2.0.0.202105311346/tools/bin/../lib/gcc/arm-none-eabi/9.3.1/../../../../arm-none-eabi/lib/thumb/v7e-m+dp/hard\libc_nano.a(lib_a-nano-svfprintf.o)
 .ARM.attributes
                0x00000000000005e7       0x32 c:/st/stm32cubeide_1.8.0/stm32cubeide/plugins/com.st.stm32cube.ide.mcu.externaltools.gnu-tools-for-stm32.9-2020-q2-update.win32_2.0.0.202105311346/tools/bin/../lib/gcc/arm-none-eabi/9.3.1/../../../../arm-none-eabi/lib/thumb/v7e-m+dp/hard\libc_nano.a(lib_a-nano-vfprintf_i.o)
 .ARM.attributes
                0x0000000000000619       0x1c c:/st/stm32cubeide_1.8.0/stm32cubeide/plugins/com.st.stm32cube.ide.mcu.externaltools.gnu-tools-for-stm32.9-2020-q2-update.win32_2.0.0.202105311346/tools/bin/../lib/gcc/arm-none-eabi/9.3.1/../../../../arm-none-eabi/lib/thumb/v7e-m+dp/hard\libc_nano.a(lib_a-memchr.o)
 .ARM.attributes
                0x0000000000000635       0x32 c:/st/stm32cubeide_1.8.0/stm32cubeide/plugins/com.st.stm32cube.ide.mcu.externaltools.gnu-tools-for-stm32.9-2020-q2-update.win32_2.0.0.202105311346/tools/bin/../lib/gcc/arm-none-eabi/9.3.1/../../../../arm-none-eabi/lib/thumb/v7e-m+dp/hard\libc_nano.a(lib_a-memcpy-stub.o)
 .ARM.attributes
                0x0000000000000667       0x32 c:/st/stm32cubeide_1.8.0/stm32cubeide/plugins/com.st.stm32cube.ide.mcu.externaltools.gnu-tools-for-stm32.9-2020-q2-update.win32_2.0.0.202105311346/tools/bin/../lib/gcc/arm-none-eabi/9.3.1/../../../../arm-none-eabi/lib/thumb/v7e-m+dp/hard\libc_nano.a(lib_a-memmove.o)
 .ARM.attributes
                0x0000000000000699       0x32 c:/st/stm32cubeide_1.8.0/stm32cubeide/plugins/com.st.stm32cube.ide.mcu.externaltools.gnu-tools-for-stm32.9-2020-q2-update.win32_2.0.0.202105311346/tools/bin/../lib/gcc/arm-none-eabi/9.3.1/../../../../arm-none-eabi/lib/thumb/v7e-m+dp/hard\libc_nano.a(lib_a-nano-freer.o)
 .ARM.attributes
                0x00000000000006cb       0x32 c:/st/stm32cubeide_1.8.0/stm32cubeide/plugins/com.st.stm32cube.ide.mcu.externaltools.gnu-tools-for-stm32.9-2020-q2-update.win32_2.0.0.202105311346/tools/bin/../lib/gcc/arm-none-eabi/9.3.1/../../../../arm-none-eabi/lib/thumb/v7e-m+dp/hard\libc_nano.a(lib_a-nano-mallocr.o)
 .ARM.attributes
                0x00000000000006fd       0x32 c:/st/stm32cubeide_1.8.0/stm32cubeide/plugins/com.st.stm32cube.ide.mcu.externaltools.gnu-tools-for-stm32.9-2020-q2-update.win32_2.0.0.202105311346/tools/bin/../lib/gcc/arm-none-eabi/9.3.1/../../../../arm-none-eabi/lib/thumb/v7e-m+dp/hard\libc_nano.a(lib_a-nano-reallocr.o)
 .ARM.attributes
                0x000000000000072f       0x32 c:/st/stm32cubeide_1.8.0/stm32cubeide/plugins/com.st.stm32cube.ide.mcu.externaltools.gnu-tools-for-stm32.9-2020-q2-update.win32_2.0.0.202105311346/tools/bin/../lib/gcc/arm-none-eabi/9.3.1/../../../../arm-none-eabi/lib/thumb/v7e-m+dp/hard\libc_nano.a(lib_a-sbrkr.o)
 .ARM.attributes
                0x0000000000000761       0x32 c:/st/stm32cubeide_1.8.0/stm32cubeide/plugins/com.st.stm32cube.ide.mcu.externaltools.gnu-tools-for-stm32.9-2020-q2-update.win32_2.0.0.202105311346/tools/bin/../lib/gcc/arm-none-eabi/9.3.1/../../../../arm-none-eabi/lib/thumb/v7e-m+dp/hard\libc_nano.a(lib_a-mlock.o)
 .ARM.attributes
                0x0000000000000793       0x32 c:/st/stm32cubeide_1.8.0/stm32cubeide/plugins/com.st.stm32cube.ide.mcu.externaltools.gnu-tools-for-stm32.9-2020-q2-update.win32_2.0.0.202105311346/tools/bin/../lib/gcc/arm-none-eabi/9.3.1/../../../../arm-none-eabi/lib/thumb/v7e-m+dp/hard\libc_nano.a(lib_a-nano-msizer.o)
 .ARM.attributes
                0x00000000000007c5       0x32 c:/st/stm32cubeide_1.8.0/stm32cubeide/plugins/com.st.stm32cube.ide.mcu.externaltools.gnu-tools-for-stm32.9-2020-q2-update.win32_2.0.0.202105311346/tools/bin/../lib/gcc/arm-none-eabi/9.3.1/../../../../arm-none-eabi/lib/thumb/v7e-m+dp/hard\libc_nano.a(lib_a-reent.o)
 .ARM.attributes
                0x00000000000007f7       0x32 c:/st/stm32cubeide_1.8.0/stm32cubeide/plugins/com.st.stm32cube.ide.mcu.externaltools.gnu-tools-for-stm32.9-2020-q2-update.win32_2.0.0.202105311346/tools/bin/../lib/gcc/arm-none-eabi/9.3.1/../../../../arm-none-eabi/lib/thumb/v7e-m+dp/hard\libc_nano.a(lib_a-lock.o)
 .ARM.attributes
                0x0000000000000829       0x1e c:/st/stm32cubeide_1.8.0/stm32cubeide/plugins/com.st.stm32cube.ide.mcu.externaltools.gnu-tools-for-stm32.9-2020-q2-update.win32_2.0.0.202105311346/tools/bin/../lib/gcc/arm-none-eabi/9.3.1/thumb/v7e-m+dp/hard\libgcc.a(_aeabi_uldivmod.o)
 .ARM.attributes
                0x0000000000000847       0x32 c:/st/stm32cubeide_1.8.0/stm32cubeide/plugins/com.st.stm32cube.ide.mcu.externaltools.gnu-tools-for-stm32.9-2020-q2-update.win32_2.0.0.202105311346/tools/bin/../lib/gcc/arm-none-eabi/9.3.1/thumb/v7e-m+dp/hard\libgcc.a(_fixunsdfdi.o)
 .ARM.attributes
                0x0000000000000879       0x32 c:/st/stm32cubeide_1.8.0/stm32cubeide/plugins/com.st.stm32cube.ide.mcu.externaltools.gnu-tools-for-stm32.9-2020-q2-update.win32_2.0.0.202105311346/tools/bin/../lib/gcc/arm-none-eabi/9.3.1/thumb/v7e-m+dp/hard\libgcc.a(_udivmoddi4.o)
 .ARM.attributes
                0x00000000000008ab       0x1e c:/st/stm32cubeide_1.8.0/stm32cubeide/plugins/com.st.stm32cube.ide.mcu.externaltools.gnu-tools-for-stm32.9-2020-q2-update.win32_2.0.0.202105311346/tools/bin/../lib/gcc/arm-none-eabi/9.3.1/thumb/v7e-m+dp/hard\libgcc.a(_dvmd_tls.o)
 .ARM.attributes
                0x00000000000008c9       0x1e c:/st/stm32cubeide_1.8.0/stm32cubeide/plugins/com.st.stm32cube.ide.mcu.externaltools.gnu-tools-for-stm32.9-2020-q2-update.win32_2.0.0.202105311346/tools/bin/../lib/gcc/arm-none-eabi/9.3.1/thumb/v7e-m+dp/hard/crtn.o
OUTPUT(Onewire_CM7.elf elf32-littlearm)
LOAD linker stubs
LOAD c:/st/stm32cubeide_1.8.0/stm32cubeide/plugins/com.st.stm32cube.ide.mcu.externaltools.gnu-tools-for-stm32.9-2020-q2-update.win32_2.0.0.202105311346/tools/bin/../lib/gcc/arm-none-eabi/9.3.1/../../../../arm-none-eabi/lib/thumb/v7e-m+dp/hard\libc.a
LOAD c:/st/stm32cubeide_1.8.0/stm32cubeide/plugins/com.st.stm32cube.ide.mcu.externaltools.gnu-tools-for-stm32.9-2020-q2-update.win32_2.0.0.202105311346/tools/bin/../lib/gcc/arm-none-eabi/9.3.1/../../../../arm-none-eabi/lib/thumb/v7e-m+dp/hard\libm.a
LOAD c:/st/stm32cubeide_1.8.0/stm32cubeide/plugins/com.st.stm32cube.ide.mcu.externaltools.gnu-tools-for-stm32.9-2020-q2-update.win32_2.0.0.202105311346/tools/bin/../lib/gcc/arm-none-eabi/9.3.1/thumb/v7e-m+dp/hard\libgcc.a

.debug_info     0x0000000000000000    0x30749
 .debug_info    0x0000000000000000     0x184a ./Common/Src/system_stm32h7xx_dualcore_boot_cm4_cm7.o
 .debug_info    0x000000000000184a     0x4ee1 ./Core/Src/main.o
 .debug_info    0x000000000000672b     0x3b75 ./Core/Src/stm32h7xx_hal_msp.o
 .debug_info    0x000000000000a2a0     0x1733 ./Core/Src/stm32h7xx_it.o
 .debug_info    0x000000000000b9d3      0xa25 ./Core/Src/sysmem.o
 .debug_info    0x000000000000c3f8       0x22 ./Core/Startup/startup_stm32h745zitx.o
 .debug_info    0x000000000000c41a     0x21ec ./Drivers/STM32H7xx_HAL_Driver/stm32h7xx_hal.o
 .debug_info    0x000000000000e606     0x1c31 ./Drivers/STM32H7xx_HAL_Driver/stm32h7xx_hal_cortex.o
 .debug_info    0x0000000000010237     0x175f ./Drivers/STM32H7xx_HAL_Driver/stm32h7xx_hal_dma.o
 .debug_info    0x0000000000011996     0x3293 ./Drivers/STM32H7xx_HAL_Driver/stm32h7xx_hal_eth.o
 .debug_info    0x0000000000014c29     0x189e ./Drivers/STM32H7xx_HAL_Driver/stm32h7xx_hal_gpio.o
 .debug_info    0x00000000000164c7      0xed3 ./Drivers/STM32H7xx_HAL_Driver/stm32h7xx_hal_hsem.o
 .debug_info    0x000000000001739a     0x1d2d ./Drivers/STM32H7xx_HAL_Driver/stm32h7xx_hal_pcd.o
 .debug_info    0x00000000000190c7     0x1331 ./Drivers/STM32H7xx_HAL_Driver/stm32h7xx_hal_pcd_ex.o
 .debug_info    0x000000000001a3f8     0x1d5d ./Drivers/STM32H7xx_HAL_Driver/stm32h7xx_hal_pwr_ex.o
 .debug_info    0x000000000001c155     0x194f ./Drivers/STM32H7xx_HAL_Driver/stm32h7xx_hal_rcc.o
 .debug_info    0x000000000001daa4     0x1de0 ./Drivers/STM32H7xx_HAL_Driver/stm32h7xx_hal_rcc_ex.o
 .debug_info    0x000000000001f884     0x1fc7 ./Drivers/STM32H7xx_HAL_Driver/stm32h7xx_hal_spi.o
 .debug_info    0x000000000002184b     0x37ca ./Drivers/STM32H7xx_HAL_Driver/stm32h7xx_hal_tim.o
 .debug_info    0x0000000000025015     0x225f ./Drivers/STM32H7xx_HAL_Driver/stm32h7xx_hal_tim_ex.o
 .debug_info    0x0000000000027274     0x558a ./Drivers/STM32H7xx_HAL_Driver/stm32h7xx_hal_uart.o
 .debug_info    0x000000000002c7fe     0x19a9 ./Drivers/STM32H7xx_HAL_Driver/stm32h7xx_hal_uart_ex.o
 .debug_info    0x000000000002e1a7     0x25a2 ./Drivers/STM32H7xx_HAL_Driver/stm32h7xx_ll_usb.o

.debug_abbrev   0x0000000000000000     0x42a5
 .debug_abbrev  0x0000000000000000      0x262 ./Common/Src/system_stm32h7xx_dualcore_boot_cm4_cm7.o
 .debug_abbrev  0x0000000000000262      0x3e1 ./Core/Src/main.o
 .debug_abbrev  0x0000000000000643      0x2b6 ./Core/Src/stm32h7xx_hal_msp.o
 .debug_abbrev  0x00000000000008f9      0x22b ./Core/Src/stm32h7xx_it.o
 .debug_abbrev  0x0000000000000b24      0x1bf ./Core/Src/sysmem.o
 .debug_abbrev  0x0000000000000ce3       0x12 ./Core/Startup/startup_stm32h745zitx.o
 .debug_abbrev  0x0000000000000cf5      0x31b ./Drivers/STM32H7xx_HAL_Driver/stm32h7xx_hal.o
 .debug_abbrev  0x0000000000001010      0x409 ./Drivers/STM32H7xx_HAL_Driver/stm32h7xx_hal_cortex.o
 .debug_abbrev  0x0000000000001419      0x2c1 ./Drivers/STM32H7xx_HAL_Driver/stm32h7xx_hal_dma.o
 .debug_abbrev  0x00000000000016da      0x328 ./Drivers/STM32H7xx_HAL_Driver/stm32h7xx_hal_eth.o
 .debug_abbrev  0x0000000000001a02      0x2cb ./Drivers/STM32H7xx_HAL_Driver/stm32h7xx_hal_gpio.o
 .debug_abbrev  0x0000000000001ccd      0x2e9 ./Drivers/STM32H7xx_HAL_Driver/stm32h7xx_hal_hsem.o
 .debug_abbrev  0x0000000000001fb6      0x33a ./Drivers/STM32H7xx_HAL_Driver/stm32h7xx_hal_pcd.o
 .debug_abbrev  0x00000000000022f0      0x2e0 ./Drivers/STM32H7xx_HAL_Driver/stm32h7xx_hal_pcd_ex.o
 .debug_abbrev  0x00000000000025d0      0x37d ./Drivers/STM32H7xx_HAL_Driver/stm32h7xx_hal_pwr_ex.o
 .debug_abbrev  0x000000000000294d      0x322 ./Drivers/STM32H7xx_HAL_Driver/stm32h7xx_hal_rcc.o
 .debug_abbrev  0x0000000000002c6f      0x31d ./Drivers/STM32H7xx_HAL_Driver/stm32h7xx_hal_rcc_ex.o
 .debug_abbrev  0x0000000000002f8c      0x313 ./Drivers/STM32H7xx_HAL_Driver/stm32h7xx_hal_spi.o
 .debug_abbrev  0x000000000000329f      0x2f9 ./Drivers/STM32H7xx_HAL_Driver/stm32h7xx_hal_tim.o
 .debug_abbrev  0x0000000000003598      0x301 ./Drivers/STM32H7xx_HAL_Driver/stm32h7xx_hal_tim_ex.o
 .debug_abbrev  0x0000000000003899      0x37d ./Drivers/STM32H7xx_HAL_Driver/stm32h7xx_hal_uart.o
 .debug_abbrev  0x0000000000003c16      0x33d ./Drivers/STM32H7xx_HAL_Driver/stm32h7xx_hal_uart_ex.o
 .debug_abbrev  0x0000000000003f53      0x352 ./Drivers/STM32H7xx_HAL_Driver/stm32h7xx_ll_usb.o

.debug_aranges  0x0000000000000000     0x18a8
 .debug_aranges
                0x0000000000000000       0x28 ./Common/Src/system_stm32h7xx_dualcore_boot_cm4_cm7.o
 .debug_aranges
                0x0000000000000028       0xd8 ./Core/Src/main.o
 .debug_aranges
                0x0000000000000100       0x70 ./Core/Src/stm32h7xx_hal_msp.o
 .debug_aranges
                0x0000000000000170       0x90 ./Core/Src/stm32h7xx_it.o
 .debug_aranges
                0x0000000000000200       0x20 ./Core/Src/sysmem.o
 .debug_aranges
                0x0000000000000220       0x28 ./Core/Startup/startup_stm32h745zitx.o
 .debug_aranges
                0x0000000000000248      0x200 ./Drivers/STM32H7xx_HAL_Driver/stm32h7xx_hal.o
 .debug_aranges
                0x0000000000000448      0x120 ./Drivers/STM32H7xx_HAL_Driver/stm32h7xx_hal_cortex.o
 .debug_aranges
                0x0000000000000568       0xa0 ./Drivers/STM32H7xx_HAL_Driver/stm32h7xx_hal_dma.o
 .debug_aranges
                0x0000000000000608      0x1b0 ./Drivers/STM32H7xx_HAL_Driver/stm32h7xx_hal_eth.o
 .debug_aranges
                0x00000000000007b8       0x58 ./Drivers/STM32H7xx_HAL_Driver/stm32h7xx_hal_gpio.o
 .debug_aranges
                0x0000000000000810       0x70 ./Drivers/STM32H7xx_HAL_Driver/stm32h7xx_hal_hsem.o
 .debug_aranges
                0x0000000000000880      0x140 ./Drivers/STM32H7xx_HAL_Driver/stm32h7xx_hal_pcd.o
 .debug_aranges
                0x00000000000009c0       0x60 ./Drivers/STM32H7xx_HAL_Driver/stm32h7xx_hal_pcd_ex.o
 .debug_aranges
                0x0000000000000a20      0x170 ./Drivers/STM32H7xx_HAL_Driver/stm32h7xx_hal_pwr_ex.o
 .debug_aranges
                0x0000000000000b90       0x88 ./Drivers/STM32H7xx_HAL_Driver/stm32h7xx_hal_rcc.o
 .debug_aranges
                0x0000000000000c18      0x100 ./Drivers/STM32H7xx_HAL_Driver/stm32h7xx_hal_rcc_ex.o
 .debug_aranges
                0x0000000000000d18      0x1a0 ./Drivers/STM32H7xx_HAL_Driver/stm32h7xx_hal_spi.o
 .debug_aranges
                0x0000000000000eb8      0x3e0 ./Drivers/STM32H7xx_HAL_Driver/stm32h7xx_hal_tim.o
 .debug_aranges
                0x0000000000001298      0x188 ./Drivers/STM32H7xx_HAL_Driver/stm32h7xx_hal_tim_ex.o
 .debug_aranges
                0x0000000000001420      0x248 ./Drivers/STM32H7xx_HAL_Driver/stm32h7xx_hal_uart.o
 .debug_aranges
                0x0000000000001668       0xa0 ./Drivers/STM32H7xx_HAL_Driver/stm32h7xx_hal_uart_ex.o
 .debug_aranges
                0x0000000000001708      0x1a0 ./Drivers/STM32H7xx_HAL_Driver/stm32h7xx_ll_usb.o

.debug_ranges   0x0000000000000000     0x1770
 .debug_ranges  0x0000000000000000       0x18 ./Common/Src/system_stm32h7xx_dualcore_boot_cm4_cm7.o
 .debug_ranges  0x0000000000000018       0xc8 ./Core/Src/main.o
 .debug_ranges  0x00000000000000e0       0x60 ./Core/Src/stm32h7xx_hal_msp.o
 .debug_ranges  0x0000000000000140       0x80 ./Core/Src/stm32h7xx_it.o
 .debug_ranges  0x00000000000001c0       0x10 ./Core/Src/sysmem.o
 .debug_ranges  0x00000000000001d0       0x20 ./Core/Startup/startup_stm32h745zitx.o
 .debug_ranges  0x00000000000001f0      0x1f0 ./Drivers/STM32H7xx_HAL_Driver/stm32h7xx_hal.o
 .debug_ranges  0x00000000000003e0      0x110 ./Drivers/STM32H7xx_HAL_Driver/stm32h7xx_hal_cortex.o
 .debug_ranges  0x00000000000004f0       0x90 ./Drivers/STM32H7xx_HAL_Driver/stm32h7xx_hal_dma.o
 .debug_ranges  0x0000000000000580      0x1a0 ./Drivers/STM32H7xx_HAL_Driver/stm32h7xx_hal_eth.o
 .debug_ranges  0x0000000000000720       0x48 ./Drivers/STM32H7xx_HAL_Driver/stm32h7xx_hal_gpio.o
 .debug_ranges  0x0000000000000768       0x60 ./Drivers/STM32H7xx_HAL_Driver/stm32h7xx_hal_hsem.o
 .debug_ranges  0x00000000000007c8      0x130 ./Drivers/STM32H7xx_HAL_Driver/stm32h7xx_hal_pcd.o