main.c:974:5:main	16	static
main.c:1082:6:SystemClock_Config	120	static
main.c:1141:13:MX_ETH_Init	8	static
main.c:1190:13:MX_SPI1_Init	8	static
main.c:1238:13:MX_TIM2_Init	40	static
main.c:1283:13:MX_TIM3_Init	40	static
main.c:1328:13:MX_TIM5_Init	40	static
main.c:1373:13:MX_TIM15_Init	40	static
main.c:1419:13:MX_USART3_UART_Init	8	static
main.c:1467:13:MX_USB_OTG_FS_PCD_Init	8	static
main.c:1501:13:MX_DMA_Init	16	static
main.c:1519:13:MX_GPIO_Init	56	static
main.c:1559:6:HAL_TIM_PeriodElapsedCallback	40	static
main.c:1577:10:micross	12	static
main.c:1585:6:requestT	8	static
main.c:1595:6:get_value	8	static
main.c:1615:6:Update_check_Value	16	static
main.c:1644:6:LCD_init	8	static
main.c:1686:10:abss	16	static
main.c:1698:6:sortt	32	static
main.c:1716:6:makeImg	336	static
main.c:2357:6:fillFrame	16	static
main.c:2374:6:Updatescreen	8	static
main.c:2392:6:Error_Handler	4	static,ignoring_inline_asm
