main.c:142:5:main	16	static
main.c:237:6:SystemClock_Config	120	static
main.c:296:13:MX_ETH_Init	8	static
main.c:345:13:MX_SPI1_Init	8	static
main.c:393:13:MX_TIM3_Init	40	static
main.c:438:13:MX_TIM5_Init	40	static
main.c:483:13:MX_TIM15_Init	40	static
main.c:529:13:MX_USART3_UART_Init	8	static
main.c:577:13:MX_USB_OTG_FS_PCD_Init	8	static
main.c:611:13:MX_DMA_Init	16	static
main.c:629:13:MX_GPIO_Init	56	static
main.c:669:6:HAL_TIM_PeriodElapsedCallback	40	static
main.c:685:10:micross	12	static
main.c:693:6:requestT	8	static
main.c:703:6:get_value	8	static
main.c:723:6:Update_check_Value	12	static
main.c:751:6:LCD_init	8	static
main.c:800:6:Error_Handler	4	static,ignoring_inline_asm
